newsText9761.txt
newsText9762.txt
newsText9763.txt
newsText9764.txt
newsText9765.txt
newsText9766.txt
newsText9767.txt
newsText9769.txt
newsText9771.txt
newsText9772.txt
newsText9774.txt
newsText9775.txt
newsText9776.txt
newsText9777.txt
newsText9778.txt
newsText9779.txt
newsText9780.txt
newsText9781.txt
newsText9782.txt
newsText9783.txt
newsText9784.txt
newsText9785.txt
newsText9786.txt
newsText9787.txt
newsText9788.txt
newsText9789.txt
newsText9790.txt
newsText9792.txt
newsText9793.txt
newsText9794.txt
newsText9796.txt
newsText9797.txt
newsText9798.txt
newsText9799.txt
newsText9802.txt
newsText9803.txt
newsText9804.txt
newsText9805.txt
newsText9806.txt
newsText9808.txt
newsText9809.txt
newsText9810.txt
newsText9811.txt
newsText9813.txt
newsText9814.txt
newsText9815.txt
newsText9816.txt
newsText9817.txt
newsText9818.txt
newsText9819.txt
newsText9820.txt
newsText9821.txt
newsText9822.txt
newsText9823.txt
newsText9824.txt
newsText9825.txt
newsText9826.txt
newsText9827.txt
newsText9828.txt
newsText9829.txt
newsText9830.txt
newsText9831.txt
newsText9832.txt
newsText9833.txt
newsText9834.txt
newsText9835.txt
newsText9836.txt
newsText9840.txt
newsText9841.txt
newsText9842.txt
newsText9845.txt
newsText9846.txt
newsText9847.txt
newsText9848.txt
newsText9849.txt
newsText9850.txt
newsText9851.txt
newsText9852.txt
newsText9853.txt
newsText9854.txt
newsText9855.txt
newsText9856.txt
newsText9858.txt
newsText9859.txt
newsText9860.txt
newsText9865.txt
newsText9867.txt
newsText9869.txt
newsText9870.txt
newsText9871.txt
newsText9872.txt
newsText9873.txt
newsText9874.txt
newsText9875.txt
newsText9876.txt
newsText9877.txt
newsText9880.txt
newsText9881.txt
newsText9882.txt
newsText9883.txt
newsText9884.txt
newsText9885.txt
newsText9886.txt
newsText9887.txt
newsText9888.txt
newsText9889.txt
newsText9890.txt
newsText9891.txt
newsText9892.txt
newsText9893.txt
newsText9894.txt
newsText9895.txt
newsText9896.txt
newsText9897.txt
newsText9898.txt
newsText9899.txt
newsText9900.txt
newsText9901.txt
newsText9902.txt
newsText9904.txt
newsText9906.txt
newsText9907.txt
newsText9908.txt
newsText9909.txt
newsText9910.txt
newsText9911.txt
newsText9912.txt
newsText9913.txt
newsText9915.txt
newsText9917.txt
newsText9918.txt
newsText9919.txt
newsText9921.txt
newsText9922.txt
newsText9923.txt
newsText9924.txt
newsText9925.txt
newsText9926.txt
newsText9927.txt
newsText9928.txt
newsText9929.txt
newsText9930.txt
newsText9931.txt
newsText9933.txt
newsText9934.txt
newsText9935.txt
newsText9936.txt
newsText9937.txt
newsText9938.txt
newsText9939.txt
newsText9940.txt
newsText9941.txt
newsText9942.txt
newsText9943.txt
newsText9944.txt
newsText9945.txt
newsText9946.txt
newsText9947.txt
newsText9948.txt
newsText9949.txt
newsText9951.txt
newsText9952.txt
newsText9953.txt
newsText9954.txt
newsText9956.txt
newsText9957.txt
newsText9959.txt
newsText9961.txt
newsText9962.txt
newsText9963.txt
newsText9964.txt
newsText9967.txt
newsText9968.txt
newsText9969.txt
newsText9970.txt
newsText9971.txt
newsText9973.txt
newsText9975.txt
newsText9977.txt
newsText9981.txt
newsText9982.txt
newsText9984.txt
newsText9985.txt
newsText9986.txt
newsText9989.txt
newsText9991.txt
newsText9992.txt
newsText9993.txt
newsText9994.txt
newsText9995.txt
newsText9996.txt
newsText9997.txt
newsText9998.txt
newsText9999.txt
newsText10001.txt
newsText10002.txt
newsText10004.txt
newsText10005.txt
newsText10006.txt
newsText10008.txt
newsText10009.txt
newsText10010.txt
newsText10011.txt
newsText10012.txt
newsText10013.txt
newsText10014.txt
newsText10015.txt
newsText10016.txt
newsText10017.txt
newsText10018.txt
newsText10019.txt
newsText10021.txt
newsText10022.txt
newsText10023.txt
newsText10024.txt
newsText10027.txt
newsText10028.txt
newsText10030.txt
newsText10031.txt
newsText10037.txt
newsText10038.txt
newsText10039.txt
newsText10040.txt
newsText10041.txt
newsText10042.txt
newsText10043.txt
newsText10044.txt
newsText10045.txt
newsText10046.txt
newsText10047.txt
newsText10048.txt
newsText10050.txt
newsText10051.txt
newsText10052.txt
newsText10053.txt
newsText10054.txt
newsText10055.txt
newsText10056.txt
newsText10057.txt
newsText10058.txt
newsText10059.txt
newsText10060.txt
newsText10062.txt
newsText10063.txt
newsText10064.txt
newsText10066.txt
newsText10067.txt
newsText10068.txt
newsText10069.txt
newsText10070.txt
newsText10071.txt
newsText10072.txt
newsText10073.txt
newsText10074.txt
newsText10075.txt
newsText10076.txt
newsText10077.txt
newsText10078.txt
newsText10079.txt
newsText10080.txt
newsText10081.txt
newsText10082.txt
newsText10083.txt
newsText10084.txt
newsText10085.txt
newsText10087.txt
newsText10088.txt
newsText10089.txt
newsText10092.txt
newsText10093.txt
newsText10094.txt
newsText10095.txt
newsText10096.txt
newsText10097.txt
newsText10098.txt
newsText10099.txt
newsText10102.txt
newsText10104.txt
newsText10107.txt
newsText10108.txt
newsText10109.txt
newsText10110.txt
newsText10111.txt
newsText10112.txt
newsText10115.txt
newsText10116.txt
newsText10118.txt
newsText10119.txt
newsText10120.txt
newsText10123.txt
newsText10124.txt
newsText10125.txt
newsText10126.txt
newsText10127.txt
newsText10128.txt
newsText10129.txt
newsText10130.txt
newsText10133.txt
newsText10136.txt
newsText10138.txt
newsText10139.txt
newsText10140.txt
newsText10142.txt
newsText10143.txt
newsText10144.txt
newsText10145.txt
newsText10146.txt
newsText10147.txt
newsText10148.txt
newsText10149.txt
newsText10150.txt
newsText10151.txt
newsText10152.txt
newsText10153.txt
newsText10154.txt
newsText10157.txt
newsText10158.txt
newsText10159.txt
newsText10160.txt
newsText10161.txt
newsText10162.txt
newsText10163.txt
newsText10164.txt
newsText10165.txt
newsText10166.txt
newsText10167.txt
newsText10168.txt
newsText10169.txt
newsText10170.txt
newsText10171.txt
newsText10172.txt
newsText10173.txt
newsText10174.txt
newsText10175.txt
newsText10176.txt
newsText10177.txt
newsText10178.txt
newsText10180.txt
newsText10182.txt
newsText10183.txt
newsText10184.txt
newsText10185.txt
newsText10186.txt
newsText10190.txt
newsText10191.txt
newsText10192.txt
newsText10193.txt
newsText10194.txt
newsText10195.txt
newsText10196.txt
newsText10198.txt
newsText10199.txt
newsText10200.txt
newsText10201.txt
newsText10202.txt
newsText10203.txt
newsText10204.txt
newsText10205.txt
newsText10206.txt
newsText10207.txt
newsText10209.txt
newsText10210.txt
newsText10211.txt
newsText10212.txt
newsText10214.txt
newsText10215.txt
newsText10216.txt
newsText10217.txt
newsText10218.txt
newsText10219.txt
newsText10221.txt
newsText10222.txt
newsText10224.txt
newsText10225.txt
newsText10227.txt
newsText10228.txt
newsText10229.txt
newsText10231.txt
newsText10236.txt
newsText10237.txt
newsText10238.txt
newsText10239.txt
newsText10241.txt
newsText10242.txt
newsText10243.txt
newsText10245.txt
newsText10246.txt
newsText10247.txt
newsText10248.txt
newsText10249.txt
newsText10250.txt
newsText10251.txt
newsText10252.txt
newsText10254.txt
newsText10256.txt
newsText10257.txt
newsText10259.txt
newsText10260.txt
newsText10261.txt
newsText10262.txt
newsText10264.txt
newsText10266.txt
newsText10267.txt
newsText10268.txt
newsText10269.txt
newsText10270.txt
newsText10271.txt
newsText10272.txt
newsText10273.txt
newsText10274.txt
newsText10275.txt
newsText10276.txt
newsText10277.txt
newsText10278.txt
newsText10279.txt
newsText10282.txt
newsText10283.txt
newsText10285.txt
newsText10287.txt
newsText10289.txt
newsText10290.txt
newsText10291.txt
newsText10292.txt
newsText10293.txt
newsText10294.txt
newsText10295.txt
newsText10296.txt
newsText10297.txt
newsText10298.txt
newsText10300.txt
newsText10302.txt
newsText10303.txt
newsText10304.txt
newsText10305.txt
newsText10306.txt
newsText10307.txt
newsText10308.txt
newsText10309.txt
newsText10310.txt
newsText10311.txt
newsText10312.txt
newsText10313.txt
newsText10314.txt
newsText10315.txt
newsText10316.txt
newsText10318.txt
newsText10319.txt
newsText10320.txt
newsText10321.txt
newsText10322.txt
newsText10323.txt
newsText10324.txt
newsText10325.txt
newsText10326.txt
newsText10327.txt
newsText10328.txt
newsText10329.txt
newsText10330.txt
newsText10331.txt
newsText10332.txt
newsText10333.txt
newsText10334.txt
newsText10335.txt
newsText10336.txt
newsText10337.txt
newsText10338.txt
newsText10339.txt
newsText10340.txt
newsText10341.txt
newsText10342.txt
newsText10344.txt
newsText10345.txt
newsText10346.txt
newsText10347.txt
newsText10348.txt
newsText10349.txt
newsText10350.txt
newsText10351.txt
newsText10352.txt
newsText10353.txt
newsText10354.txt
newsText10355.txt
newsText10356.txt
newsText10358.txt
newsText10359.txt
newsText10360.txt
newsText10361.txt
newsText10362.txt
newsText10364.txt
newsText10365.txt
newsText10366.txt
newsText10367.txt
newsText10368.txt
newsText10369.txt
newsText10370.txt
