newsText3661.txt
newsText3662.txt
newsText3663.txt
newsText3664.txt
newsText3665.txt
newsText3667.txt
newsText3668.txt
newsText3669.txt
newsText3670.txt
newsText3671.txt
newsText3672.txt
newsText3673.txt
newsText3675.txt
newsText3676.txt
newsText3677.txt
newsText3678.txt
newsText3681.txt
newsText3683.txt
newsText3684.txt
newsText3685.txt
newsText3686.txt
newsText3687.txt
newsText3688.txt
newsText3689.txt
newsText3690.txt
newsText3691.txt
newsText3692.txt
newsText3694.txt
newsText3695.txt
newsText3697.txt
newsText3698.txt
newsText3699.txt
newsText3700.txt
newsText3701.txt
newsText3702.txt
newsText3703.txt
newsText3704.txt
newsText3705.txt
newsText3706.txt
newsText3707.txt
newsText3708.txt
newsText3709.txt
newsText3710.txt
newsText3711.txt
newsText3712.txt
newsText3713.txt
newsText3714.txt
newsText3715.txt
newsText3716.txt
newsText3717.txt
newsText3718.txt
newsText3719.txt
newsText3720.txt
newsText3721.txt
newsText3722.txt
newsText3723.txt
newsText3724.txt
newsText3725.txt
newsText3726.txt
newsText3727.txt
newsText3728.txt
newsText3729.txt
newsText3730.txt
newsText3731.txt
newsText3732.txt
newsText3733.txt
newsText3734.txt
newsText3735.txt
newsText3736.txt
newsText3738.txt
newsText3739.txt
newsText3740.txt
newsText3741.txt
newsText3742.txt
newsText3743.txt
newsText3744.txt
newsText3745.txt
newsText3746.txt
newsText3747.txt
newsText3749.txt
newsText3750.txt
newsText3751.txt
newsText3752.txt
newsText3753.txt
newsText3754.txt
newsText3756.txt
newsText3757.txt
newsText3758.txt
newsText3759.txt
newsText3760.txt
newsText3761.txt
newsText3762.txt
newsText3764.txt
newsText3765.txt
newsText3766.txt
newsText3767.txt
newsText3768.txt
newsText3769.txt
newsText3770.txt
newsText3771.txt
newsText3772.txt
newsText3773.txt
newsText3774.txt
newsText3778.txt
newsText3779.txt
newsText3780.txt
newsText3781.txt
newsText3782.txt
newsText3783.txt
newsText3784.txt
newsText3785.txt
newsText3786.txt
newsText3787.txt
newsText3788.txt
newsText3789.txt
newsText3791.txt
newsText3792.txt
newsText3793.txt
newsText3794.txt
newsText3796.txt
newsText3797.txt
newsText3799.txt
newsText3801.txt
newsText3803.txt
newsText3804.txt
newsText3805.txt
newsText3806.txt
newsText3807.txt
newsText3809.txt
newsText3810.txt
newsText3811.txt
newsText3812.txt
newsText3813.txt
newsText3814.txt
newsText3815.txt
newsText3816.txt
newsText3817.txt
newsText3818.txt
newsText3819.txt
newsText3820.txt
newsText3821.txt
newsText3822.txt
newsText3823.txt
newsText3824.txt
newsText3825.txt
newsText3826.txt
newsText3827.txt
newsText3828.txt
newsText3829.txt
newsText3830.txt
newsText3831.txt
newsText3832.txt
newsText3833.txt
newsText3834.txt
newsText3835.txt
newsText3836.txt
newsText3837.txt
newsText3838.txt
newsText3839.txt
newsText3841.txt
newsText3842.txt
newsText3843.txt
newsText3845.txt
newsText3846.txt
newsText3847.txt
newsText3848.txt
newsText3849.txt
newsText3853.txt
newsText3854.txt
newsText3855.txt
newsText3857.txt
newsText3858.txt
newsText3859.txt
newsText3860.txt
newsText3861.txt
newsText3862.txt
newsText3863.txt
newsText3864.txt
newsText3865.txt
newsText3866.txt
newsText3868.txt
newsText3869.txt
newsText3870.txt
newsText3871.txt
newsText3872.txt
newsText3874.txt
newsText3875.txt
newsText3876.txt
newsText3878.txt
newsText3879.txt
newsText3882.txt
newsText3883.txt
newsText3884.txt
newsText3885.txt
newsText3886.txt
newsText3887.txt
newsText3889.txt
newsText3890.txt
newsText3891.txt
newsText3892.txt
newsText3894.txt
newsText3895.txt
newsText3896.txt
newsText3897.txt
newsText3900.txt
newsText3901.txt
newsText3902.txt
newsText3903.txt
newsText3905.txt
newsText3906.txt
newsText3907.txt
newsText3909.txt
newsText3910.txt
newsText3911.txt
newsText3912.txt
newsText3913.txt
newsText3914.txt
newsText3915.txt
newsText3916.txt
newsText3917.txt
newsText3920.txt
newsText3921.txt
newsText3922.txt
newsText3923.txt
newsText3924.txt
newsText3926.txt
newsText3927.txt
newsText3928.txt
newsText3929.txt
newsText3930.txt
newsText3931.txt
newsText3932.txt
newsText3933.txt
newsText3934.txt
newsText3935.txt
newsText3936.txt
newsText3937.txt
newsText3938.txt
newsText3939.txt
newsText3940.txt
newsText3941.txt
newsText3942.txt
newsText3943.txt
newsText3944.txt
newsText3947.txt
newsText3949.txt
newsText3950.txt
newsText3953.txt
newsText3954.txt
newsText3955.txt
newsText3956.txt
newsText3957.txt
newsText3959.txt
newsText3960.txt
newsText3962.txt
newsText3963.txt
newsText3964.txt
newsText3965.txt
newsText3966.txt
newsText3967.txt
newsText3969.txt
newsText3970.txt
newsText3971.txt
newsText3972.txt
newsText3973.txt
newsText3974.txt
newsText3976.txt
newsText3977.txt
newsText3978.txt
newsText3979.txt
newsText3980.txt
newsText3981.txt
newsText3982.txt
newsText3983.txt
newsText3984.txt
newsText3985.txt
newsText3986.txt
newsText3987.txt
newsText3988.txt
newsText3989.txt
newsText3990.txt
newsText3991.txt
newsText3992.txt
newsText3993.txt
newsText3994.txt
newsText3995.txt
newsText3996.txt
newsText3997.txt
newsText3998.txt
newsText4000.txt
newsText4001.txt
newsText4002.txt
newsText4003.txt
newsText4004.txt
newsText4005.txt
newsText4006.txt
newsText4010.txt
newsText4012.txt
newsText4013.txt
newsText4014.txt
newsText4015.txt
newsText4016.txt
newsText4019.txt
newsText4020.txt
newsText4021.txt
newsText4022.txt
newsText4026.txt
newsText4027.txt
newsText4028.txt
newsText4029.txt
newsText4030.txt
newsText4031.txt
newsText4032.txt
newsText4033.txt
newsText4035.txt
newsText4036.txt
newsText4037.txt
newsText4040.txt
newsText4041.txt
newsText4042.txt
newsText4044.txt
newsText4045.txt
newsText4046.txt
newsText4047.txt
newsText4049.txt
newsText4050.txt
newsText4051.txt
newsText4052.txt
newsText4053.txt
newsText4054.txt
newsText4055.txt
newsText4057.txt
newsText4058.txt
newsText4059.txt
newsText4060.txt
newsText4061.txt
newsText4062.txt
newsText4065.txt
newsText4066.txt
newsText4067.txt
newsText4068.txt
newsText4069.txt
newsText4070.txt
newsText4071.txt
newsText4072.txt
newsText4073.txt
newsText4074.txt
newsText4075.txt
newsText4077.txt
newsText4078.txt
newsText4079.txt
newsText4081.txt
newsText4082.txt
newsText4083.txt
newsText4084.txt
newsText4085.txt
newsText4086.txt
newsText4087.txt
newsText4088.txt
newsText4089.txt
newsText4090.txt
newsText4091.txt
newsText4092.txt
newsText4093.txt
newsText4094.txt
newsText4095.txt
newsText4098.txt
newsText4099.txt
newsText4100.txt
newsText4101.txt
newsText4102.txt
newsText4103.txt
newsText4104.txt
newsText4106.txt
newsText4107.txt
newsText4108.txt
newsText4109.txt
newsText4110.txt
newsText4112.txt
newsText4113.txt
newsText4114.txt
newsText4115.txt
newsText4116.txt
newsText4117.txt
newsText4118.txt
newsText4120.txt
newsText4121.txt
newsText4122.txt
newsText4123.txt
newsText4124.txt
newsText4127.txt
newsText4128.txt
newsText4129.txt
newsText4130.txt
newsText4131.txt
newsText4132.txt
newsText4133.txt
newsText4135.txt
newsText4136.txt
newsText4137.txt
newsText4138.txt
newsText4139.txt
newsText4140.txt
newsText4141.txt
newsText4142.txt
newsText4143.txt
newsText4144.txt
newsText4146.txt
newsText4147.txt
newsText4148.txt
newsText4149.txt
newsText4150.txt
newsText4151.txt
newsText4152.txt
newsText4153.txt
newsText4154.txt
newsText4155.txt
newsText4156.txt
newsText4157.txt
newsText4158.txt
newsText4159.txt
newsText4160.txt
newsText4162.txt
newsText4163.txt
newsText4164.txt
newsText4165.txt
newsText4166.txt
newsText4167.txt
newsText4168.txt
newsText4171.txt
newsText4172.txt
newsText4173.txt
newsText4174.txt
newsText4175.txt
newsText4176.txt
newsText4177.txt
newsText4178.txt
newsText4179.txt
newsText4180.txt
newsText4181.txt
newsText4182.txt
newsText4183.txt
newsText4184.txt
newsText4185.txt
newsText4186.txt
newsText4187.txt
newsText4188.txt
newsText4190.txt
newsText4191.txt
newsText4192.txt
newsText4193.txt
newsText4194.txt
newsText4195.txt
newsText4196.txt
newsText4197.txt
newsText4198.txt
newsText4199.txt
newsText4200.txt
newsText4201.txt
newsText4202.txt
newsText4203.txt
newsText4204.txt
newsText4205.txt
newsText4206.txt
newsText4207.txt
newsText4209.txt
newsText4210.txt
newsText4211.txt
newsText4212.txt
newsText4213.txt
newsText4214.txt
newsText4216.txt
newsText4217.txt
newsText4218.txt
newsText4219.txt
newsText4220.txt
newsText4221.txt
newsText4222.txt
newsText4223.txt
newsText4224.txt
newsText4225.txt
newsText4226.txt
newsText4227.txt
newsText4228.txt
newsText4229.txt
newsText4230.txt
newsText4232.txt
newsText4233.txt
newsText4234.txt
newsText4235.txt
newsText4236.txt
newsText4237.txt
newsText4238.txt
newsText4239.txt
newsText4240.txt
newsText4241.txt
newsText4242.txt
newsText4243.txt
newsText4245.txt
newsText4246.txt
newsText4247.txt
newsText4248.txt
newsText4249.txt
newsText4250.txt
newsText4251.txt
newsText4252.txt
newsText4253.txt
newsText4254.txt
newsText4255.txt
newsText4256.txt
newsText4257.txt
newsText4258.txt
newsText4259.txt
newsText4260.txt
newsText4261.txt
newsText4262.txt
newsText4263.txt
newsText4264.txt
newsText4265.txt
newsText4266.txt
newsText4267.txt
newsText4268.txt
newsText4269.txt
newsText4270.txt
