newsText1.txt
newsText2.txt
newsText3.txt
newsText4.txt
newsText5.txt
newsText6.txt
newsText7.txt
newsText8.txt
newsText9.txt
newsText10.txt
newsText11.txt
newsText12.txt
newsText14.txt
newsText15.txt
newsText16.txt
newsText17.txt
newsText18.txt
newsText19.txt
newsText20.txt
newsText21.txt
newsText22.txt
newsText23.txt
newsText24.txt
newsText26.txt
newsText27.txt
newsText28.txt
newsText29.txt
newsText30.txt
newsText31.txt
newsText32.txt
newsText33.txt
newsText34.txt
newsText35.txt
newsText36.txt
newsText37.txt
newsText38.txt
newsText39.txt
newsText40.txt
newsText42.txt
newsText43.txt
newsText44.txt
newsText45.txt
newsText46.txt
newsText47.txt
newsText48.txt
newsText49.txt
newsText50.txt
newsText51.txt
newsText52.txt
newsText53.txt
newsText54.txt
newsText55.txt
newsText56.txt
newsText57.txt
newsText58.txt
newsText59.txt
newsText61.txt
newsText62.txt
newsText63.txt
newsText65.txt
newsText66.txt
newsText67.txt
newsText68.txt
newsText69.txt
newsText70.txt
newsText71.txt
newsText72.txt
newsText73.txt
newsText74.txt
newsText75.txt
newsText76.txt
newsText77.txt
newsText79.txt
newsText82.txt
newsText84.txt
newsText85.txt
newsText86.txt
newsText88.txt
newsText89.txt
newsText90.txt
newsText91.txt
newsText92.txt
newsText93.txt
newsText94.txt
newsText95.txt
newsText97.txt
newsText99.txt
newsText101.txt
newsText103.txt
newsText104.txt
newsText105.txt
newsText106.txt
newsText107.txt
newsText108.txt
newsText109.txt
newsText111.txt
newsText113.txt
newsText114.txt
newsText115.txt
newsText116.txt
newsText117.txt
newsText118.txt
newsText119.txt
newsText120.txt
newsText121.txt
newsText124.txt
newsText125.txt
newsText126.txt
newsText127.txt
newsText128.txt
newsText129.txt
newsText130.txt
newsText131.txt
newsText132.txt
newsText134.txt
newsText135.txt
newsText136.txt
newsText137.txt
newsText138.txt
newsText139.txt
newsText140.txt
newsText141.txt
newsText142.txt
newsText143.txt
newsText144.txt
newsText145.txt
newsText146.txt
newsText147.txt
newsText148.txt
newsText149.txt
newsText151.txt
newsText152.txt
newsText153.txt
newsText155.txt
newsText156.txt
newsText157.txt
newsText158.txt
newsText159.txt
newsText160.txt
newsText161.txt
newsText162.txt
newsText163.txt
newsText165.txt
newsText166.txt
newsText167.txt
newsText168.txt
newsText169.txt
newsText170.txt
newsText171.txt
newsText172.txt
newsText174.txt
newsText175.txt
newsText176.txt
newsText177.txt
newsText178.txt
newsText179.txt
newsText181.txt
newsText182.txt
newsText184.txt
newsText185.txt
newsText187.txt
newsText188.txt
newsText192.txt
newsText193.txt
newsText194.txt
newsText195.txt
newsText196.txt
newsText197.txt
newsText198.txt
newsText200.txt
newsText201.txt
newsText202.txt
newsText204.txt
newsText205.txt
newsText206.txt
newsText207.txt
newsText209.txt
newsText210.txt
newsText211.txt
newsText212.txt
newsText214.txt
newsText215.txt
newsText216.txt
newsText217.txt
newsText218.txt
newsText219.txt
newsText220.txt
newsText221.txt
newsText222.txt
newsText223.txt
newsText224.txt
newsText225.txt
newsText226.txt
newsText227.txt
newsText228.txt
newsText229.txt
newsText230.txt
newsText231.txt
newsText232.txt
newsText233.txt
newsText236.txt
newsText237.txt
newsText238.txt
newsText239.txt
newsText240.txt
newsText241.txt
newsText242.txt
newsText243.txt
newsText244.txt
newsText246.txt
newsText247.txt
newsText248.txt
newsText250.txt
newsText251.txt
newsText252.txt
newsText253.txt
newsText254.txt
newsText255.txt
newsText256.txt
newsText257.txt
newsText259.txt
newsText260.txt
newsText261.txt
newsText262.txt
newsText263.txt
newsText264.txt
newsText265.txt
newsText266.txt
newsText267.txt
newsText268.txt
newsText269.txt
newsText270.txt
newsText271.txt
newsText272.txt
newsText275.txt
newsText276.txt
newsText277.txt
newsText278.txt
newsText279.txt
newsText280.txt
newsText281.txt
newsText282.txt
newsText283.txt
newsText284.txt
newsText286.txt
newsText287.txt
newsText288.txt
newsText289.txt
newsText290.txt
newsText291.txt
newsText292.txt
newsText293.txt
newsText294.txt
newsText295.txt
newsText296.txt
newsText297.txt
newsText298.txt
newsText299.txt
newsText300.txt
newsText303.txt
newsText304.txt
newsText305.txt
newsText306.txt
newsText307.txt
newsText308.txt
newsText309.txt
newsText310.txt
newsText311.txt
newsText312.txt
newsText313.txt
newsText314.txt
newsText315.txt
newsText316.txt
newsText317.txt
newsText318.txt
newsText319.txt
newsText320.txt
newsText321.txt
newsText322.txt
newsText323.txt
newsText324.txt
newsText325.txt
newsText327.txt
newsText328.txt
newsText331.txt
newsText332.txt
newsText333.txt
newsText334.txt
newsText335.txt
newsText336.txt
newsText337.txt
newsText338.txt
newsText339.txt
newsText340.txt
newsText341.txt
newsText343.txt
newsText344.txt
newsText345.txt
newsText346.txt
newsText347.txt
newsText348.txt
newsText349.txt
newsText351.txt
newsText352.txt
newsText353.txt
newsText354.txt
newsText356.txt
newsText358.txt
newsText359.txt
newsText360.txt
newsText362.txt
newsText363.txt
newsText365.txt
newsText366.txt
newsText367.txt
newsText368.txt
newsText369.txt
newsText370.txt
newsText371.txt
newsText372.txt
newsText373.txt
newsText374.txt
newsText375.txt
newsText377.txt
newsText378.txt
newsText382.txt
newsText383.txt
newsText387.txt
newsText388.txt
newsText389.txt
newsText390.txt
newsText391.txt
newsText393.txt
newsText395.txt
newsText396.txt
newsText397.txt
newsText398.txt
newsText399.txt
newsText400.txt
newsText401.txt
newsText402.txt
newsText403.txt
newsText404.txt
newsText405.txt
newsText406.txt
newsText407.txt
newsText408.txt
newsText409.txt
newsText410.txt
newsText411.txt
newsText412.txt
newsText413.txt
newsText414.txt
newsText416.txt
newsText417.txt
newsText418.txt
newsText419.txt
newsText420.txt
newsText422.txt
newsText423.txt
newsText424.txt
newsText425.txt
newsText426.txt
newsText427.txt
newsText429.txt
newsText430.txt
newsText432.txt
newsText433.txt
newsText434.txt
newsText435.txt
newsText436.txt
newsText438.txt
newsText439.txt
newsText440.txt
newsText441.txt
newsText442.txt
newsText443.txt
newsText444.txt
newsText445.txt
newsText448.txt
newsText449.txt
newsText450.txt
newsText451.txt
newsText452.txt
newsText453.txt
newsText454.txt
newsText457.txt
newsText458.txt
newsText459.txt
newsText461.txt
newsText462.txt
newsText463.txt
newsText464.txt
newsText465.txt
newsText466.txt
newsText467.txt
newsText469.txt
newsText470.txt
newsText471.txt
newsText472.txt
newsText473.txt
newsText474.txt
newsText475.txt
newsText476.txt
newsText477.txt
newsText478.txt
newsText480.txt
newsText481.txt
newsText482.txt
newsText483.txt
newsText485.txt
newsText486.txt
newsText487.txt
newsText488.txt
newsText490.txt
newsText491.txt
newsText493.txt
newsText494.txt
newsText495.txt
newsText497.txt
newsText499.txt
newsText500.txt
newsText501.txt
newsText502.txt
newsText503.txt
newsText504.txt
newsText508.txt
newsText509.txt
newsText510.txt
newsText511.txt
newsText513.txt
newsText514.txt
newsText516.txt
newsText517.txt
newsText518.txt
newsText519.txt
newsText521.txt
newsText522.txt
newsText525.txt
newsText526.txt
newsText527.txt
newsText528.txt
newsText529.txt
newsText531.txt
newsText532.txt
newsText533.txt
newsText534.txt
newsText535.txt
newsText536.txt
newsText537.txt
newsText540.txt
newsText541.txt
newsText543.txt
newsText544.txt
newsText545.txt
newsText546.txt
newsText548.txt
newsText549.txt
newsText550.txt
newsText551.txt
newsText552.txt
newsText553.txt
newsText556.txt
newsText557.txt
newsText558.txt
newsText559.txt
newsText560.txt
newsText561.txt
newsText562.txt
newsText563.txt
newsText564.txt
newsText565.txt
newsText566.txt
newsText567.txt
newsText568.txt
newsText569.txt
newsText570.txt
newsText571.txt
newsText573.txt
newsText574.txt
newsText576.txt
newsText577.txt
newsText579.txt
newsText580.txt
newsText581.txt
newsText582.txt
newsText583.txt
newsText584.txt
newsText585.txt
newsText586.txt
newsText587.txt
newsText588.txt
newsText589.txt
newsText591.txt
newsText592.txt
newsText594.txt
newsText595.txt
newsText596.txt
newsText598.txt
newsText599.txt
newsText600.txt
newsText602.txt
newsText603.txt
newsText604.txt
newsText605.txt
newsText606.txt
newsText607.txt
newsText609.txt
newsText610.txt
