newsText1831.txt
newsText1832.txt
newsText1833.txt
newsText1834.txt
newsText1835.txt
newsText1836.txt
newsText1837.txt
newsText1838.txt
newsText1839.txt
newsText1840.txt
newsText1841.txt
newsText1842.txt
newsText1843.txt
newsText1844.txt
newsText1845.txt
newsText1846.txt
newsText1847.txt
newsText1848.txt
newsText1850.txt
newsText1851.txt
newsText1852.txt
newsText1853.txt
newsText1854.txt
newsText1855.txt
newsText1856.txt
newsText1857.txt
newsText1858.txt
newsText1859.txt
newsText1860.txt
newsText1861.txt
newsText1862.txt
newsText1865.txt
newsText1866.txt
newsText1867.txt
newsText1868.txt
newsText1869.txt
newsText1870.txt
newsText1871.txt
newsText1872.txt
newsText1873.txt
newsText1874.txt
newsText1875.txt
newsText1877.txt
newsText1878.txt
newsText1879.txt
newsText1881.txt
newsText1882.txt
newsText1883.txt
newsText1884.txt
newsText1886.txt
newsText1888.txt
newsText1889.txt
newsText1891.txt
newsText1892.txt
newsText1894.txt
newsText1895.txt
newsText1896.txt
newsText1898.txt
newsText1899.txt
newsText1900.txt
newsText1901.txt
newsText1902.txt
newsText1903.txt
newsText1904.txt
newsText1905.txt
newsText1906.txt
newsText1907.txt
newsText1908.txt
newsText1909.txt
newsText1910.txt
newsText1911.txt
newsText1913.txt
newsText1914.txt
newsText1915.txt
newsText1917.txt
newsText1918.txt
newsText1919.txt
newsText1920.txt
newsText1921.txt
newsText1923.txt
newsText1925.txt
newsText1926.txt
newsText1927.txt
newsText1928.txt
newsText1929.txt
newsText1930.txt
newsText1933.txt
newsText1934.txt
newsText1935.txt
newsText1936.txt
newsText1937.txt
newsText1938.txt
newsText1939.txt
newsText1940.txt
newsText1941.txt
newsText1942.txt
newsText1943.txt
newsText1944.txt
newsText1945.txt
newsText1946.txt
newsText1947.txt
newsText1948.txt
newsText1949.txt
newsText1950.txt
newsText1951.txt
newsText1952.txt
newsText1953.txt
newsText1954.txt
newsText1956.txt
newsText1958.txt
newsText1959.txt
newsText1960.txt
newsText1961.txt
newsText1962.txt
newsText1963.txt
newsText1964.txt
newsText1965.txt
newsText1966.txt
newsText1967.txt
newsText1968.txt
newsText1969.txt
newsText1971.txt
newsText1972.txt
newsText1973.txt
newsText1974.txt
newsText1975.txt
newsText1976.txt
newsText1977.txt
newsText1978.txt
newsText1979.txt
newsText1980.txt
newsText1982.txt
newsText1983.txt
newsText1984.txt
newsText1985.txt
newsText1986.txt
newsText1987.txt
newsText1989.txt
newsText1991.txt
newsText1992.txt
newsText1993.txt
newsText1995.txt
newsText1996.txt
newsText1997.txt
newsText2002.txt
newsText2004.txt
newsText2005.txt
newsText2006.txt
newsText2007.txt
newsText2008.txt
newsText2009.txt
newsText2010.txt
newsText2011.txt
newsText2012.txt
newsText2013.txt
newsText2014.txt
newsText2015.txt
newsText2016.txt
newsText2017.txt
newsText2018.txt
newsText2019.txt
newsText2020.txt
newsText2021.txt
newsText2022.txt
newsText2023.txt
newsText2024.txt
newsText2025.txt
newsText2026.txt
newsText2028.txt
newsText2029.txt
newsText2030.txt
newsText2032.txt
newsText2033.txt
newsText2034.txt
newsText2035.txt
newsText2036.txt
newsText2037.txt
newsText2038.txt
newsText2039.txt
newsText2040.txt
newsText2041.txt
newsText2042.txt
newsText2043.txt
newsText2044.txt
newsText2045.txt
newsText2046.txt
newsText2047.txt
newsText2048.txt
newsText2050.txt
newsText2051.txt
newsText2052.txt
newsText2053.txt
newsText2054.txt
newsText2055.txt
newsText2056.txt
newsText2057.txt
newsText2058.txt
newsText2059.txt
newsText2060.txt
newsText2061.txt
newsText2062.txt
newsText2063.txt
newsText2065.txt
newsText2066.txt
newsText2067.txt
newsText2068.txt
newsText2069.txt
newsText2070.txt
newsText2071.txt
newsText2072.txt
newsText2074.txt
newsText2076.txt
newsText2077.txt
newsText2078.txt
newsText2080.txt
newsText2081.txt
newsText2082.txt
newsText2083.txt
newsText2084.txt
newsText2086.txt
newsText2087.txt
newsText2088.txt
newsText2089.txt
newsText2090.txt
newsText2091.txt
newsText2092.txt
newsText2093.txt
newsText2094.txt
newsText2095.txt
newsText2096.txt
newsText2097.txt
newsText2098.txt
newsText2099.txt
newsText2100.txt
newsText2101.txt
newsText2102.txt
newsText2103.txt
newsText2104.txt
newsText2105.txt
newsText2108.txt
newsText2109.txt
newsText2110.txt
newsText2111.txt
newsText2113.txt
newsText2114.txt
newsText2117.txt
newsText2118.txt
newsText2119.txt
newsText2120.txt
newsText2121.txt
newsText2123.txt
newsText2124.txt
newsText2126.txt
newsText2127.txt
newsText2129.txt
newsText2130.txt
newsText2131.txt
newsText2132.txt
newsText2133.txt
newsText2136.txt
newsText2137.txt
newsText2138.txt
newsText2139.txt
newsText2140.txt
newsText2141.txt
newsText2142.txt
newsText2143.txt
newsText2147.txt
newsText2148.txt
newsText2149.txt
newsText2150.txt
newsText2151.txt
newsText2154.txt
newsText2156.txt
newsText2157.txt
newsText2158.txt
newsText2159.txt
newsText2160.txt
newsText2161.txt
newsText2162.txt
newsText2163.txt
newsText2164.txt
newsText2165.txt
newsText2166.txt
newsText2167.txt
newsText2168.txt
newsText2169.txt
newsText2170.txt
newsText2171.txt
newsText2172.txt
newsText2173.txt
newsText2174.txt
newsText2175.txt
newsText2176.txt
newsText2177.txt
newsText2178.txt
newsText2181.txt
newsText2183.txt
newsText2184.txt
newsText2185.txt
newsText2186.txt
newsText2187.txt
newsText2190.txt
newsText2191.txt
newsText2192.txt
newsText2193.txt
newsText2194.txt
newsText2195.txt
newsText2197.txt
newsText2198.txt
newsText2200.txt
newsText2201.txt
newsText2203.txt
newsText2204.txt
newsText2205.txt
newsText2206.txt
newsText2207.txt
newsText2209.txt
newsText2211.txt
newsText2213.txt
newsText2214.txt
newsText2215.txt
newsText2216.txt
newsText2217.txt
newsText2218.txt
newsText2219.txt
newsText2220.txt
newsText2221.txt
newsText2222.txt
newsText2223.txt
newsText2224.txt
newsText2225.txt
newsText2226.txt
newsText2227.txt
newsText2229.txt
newsText2231.txt
newsText2232.txt
newsText2233.txt
newsText2234.txt
newsText2235.txt
newsText2236.txt
newsText2237.txt
newsText2238.txt
newsText2239.txt
newsText2240.txt
newsText2242.txt
newsText2244.txt
newsText2245.txt
newsText2246.txt
newsText2247.txt
newsText2248.txt
newsText2249.txt
newsText2251.txt
newsText2252.txt
newsText2253.txt
newsText2255.txt
newsText2256.txt
newsText2257.txt
newsText2258.txt
newsText2259.txt
newsText2260.txt
newsText2261.txt
newsText2262.txt
newsText2263.txt
newsText2264.txt
newsText2265.txt
newsText2266.txt
newsText2268.txt
newsText2269.txt
newsText2270.txt
newsText2271.txt
newsText2272.txt
newsText2273.txt
newsText2274.txt
newsText2275.txt
newsText2276.txt
newsText2277.txt
newsText2279.txt
newsText2280.txt
newsText2281.txt
newsText2282.txt
newsText2283.txt
newsText2285.txt
newsText2286.txt
newsText2287.txt
newsText2289.txt
newsText2290.txt
newsText2291.txt
newsText2292.txt
newsText2294.txt
newsText2296.txt
newsText2297.txt
newsText2298.txt
newsText2299.txt
newsText2300.txt
newsText2301.txt
newsText2302.txt
newsText2303.txt
newsText2306.txt
newsText2307.txt
newsText2308.txt
newsText2309.txt
newsText2310.txt
newsText2311.txt
newsText2312.txt
newsText2313.txt
newsText2314.txt
newsText2315.txt
newsText2316.txt
newsText2318.txt
newsText2319.txt
newsText2320.txt
newsText2321.txt
newsText2322.txt
newsText2323.txt
newsText2324.txt
newsText2325.txt
newsText2326.txt
newsText2327.txt
newsText2328.txt
newsText2330.txt
newsText2332.txt
newsText2333.txt
newsText2334.txt
newsText2337.txt
newsText2338.txt
newsText2339.txt
newsText2342.txt
newsText2347.txt
newsText2348.txt
newsText2350.txt
newsText2351.txt
newsText2352.txt
newsText2354.txt
newsText2356.txt
newsText2357.txt
newsText2358.txt
newsText2359.txt
newsText2361.txt
newsText2364.txt
newsText2365.txt
newsText2366.txt
newsText2367.txt
newsText2368.txt
newsText2369.txt
newsText2371.txt
newsText2372.txt
newsText2373.txt
newsText2374.txt
newsText2375.txt
newsText2376.txt
newsText2377.txt
newsText2378.txt
newsText2379.txt
newsText2380.txt
newsText2381.txt
newsText2382.txt
newsText2383.txt
newsText2384.txt
newsText2386.txt
newsText2387.txt
newsText2388.txt
newsText2389.txt
newsText2390.txt
newsText2391.txt
newsText2392.txt
newsText2393.txt
newsText2394.txt
newsText2395.txt
newsText2396.txt
newsText2397.txt
newsText2398.txt
newsText2399.txt
newsText2401.txt
newsText2402.txt
newsText2403.txt
newsText2404.txt
newsText2405.txt
newsText2406.txt
newsText2407.txt
newsText2408.txt
newsText2409.txt
newsText2410.txt
newsText2411.txt
newsText2412.txt
newsText2413.txt
newsText2414.txt
newsText2415.txt
newsText2417.txt
newsText2418.txt
newsText2419.txt
newsText2420.txt
newsText2422.txt
newsText2423.txt
newsText2424.txt
newsText2425.txt
newsText2426.txt
newsText2427.txt
newsText2428.txt
newsText2429.txt
newsText2430.txt
newsText2431.txt
newsText2432.txt
newsText2433.txt
newsText2434.txt
newsText2435.txt
newsText2438.txt
newsText2439.txt
newsText2440.txt
