newsText2442.txt
newsText2443.txt
newsText2446.txt
newsText2447.txt
newsText2448.txt
newsText2449.txt
newsText2450.txt
newsText2451.txt
newsText2452.txt
newsText2453.txt
newsText2454.txt
newsText2455.txt
newsText2456.txt
newsText2457.txt
newsText2458.txt
newsText2460.txt
newsText2462.txt
newsText2463.txt
newsText2464.txt
newsText2465.txt
newsText2466.txt
newsText2467.txt
newsText2468.txt
newsText2469.txt
newsText2471.txt
newsText2473.txt
newsText2476.txt
newsText2477.txt
newsText2478.txt
newsText2479.txt
newsText2482.txt
newsText2483.txt
newsText2484.txt
newsText2486.txt
newsText2487.txt
newsText2488.txt
newsText2489.txt
newsText2490.txt
newsText2491.txt
newsText2492.txt
newsText2493.txt
newsText2494.txt
newsText2495.txt
newsText2496.txt
newsText2497.txt
newsText2498.txt
newsText2499.txt
newsText2500.txt
newsText2501.txt
newsText2502.txt
newsText2503.txt
newsText2505.txt
newsText2506.txt
newsText2507.txt
newsText2508.txt
newsText2509.txt
newsText2510.txt
newsText2512.txt
newsText2513.txt
newsText2514.txt
newsText2515.txt
newsText2516.txt
newsText2517.txt
newsText2518.txt
newsText2519.txt
newsText2521.txt
newsText2522.txt
newsText2523.txt
newsText2524.txt
newsText2526.txt
newsText2527.txt
newsText2528.txt
newsText2529.txt
newsText2533.txt
newsText2534.txt
newsText2535.txt
newsText2536.txt
newsText2537.txt
newsText2538.txt
newsText2539.txt
newsText2540.txt
newsText2542.txt
newsText2543.txt
newsText2544.txt
newsText2545.txt
newsText2546.txt
newsText2547.txt
newsText2548.txt
newsText2549.txt
newsText2550.txt
newsText2551.txt
newsText2552.txt
newsText2553.txt
newsText2554.txt
newsText2555.txt
newsText2556.txt
newsText2557.txt
newsText2558.txt
newsText2559.txt
newsText2560.txt
newsText2562.txt
newsText2564.txt
newsText2565.txt
newsText2566.txt
newsText2567.txt
newsText2569.txt
newsText2570.txt
newsText2571.txt
newsText2572.txt
newsText2573.txt
newsText2574.txt
newsText2576.txt
newsText2577.txt
newsText2578.txt
newsText2580.txt
newsText2582.txt
newsText2583.txt
newsText2584.txt
newsText2585.txt
newsText2586.txt
newsText2587.txt
newsText2588.txt
newsText2590.txt
newsText2592.txt
newsText2593.txt
newsText2594.txt
newsText2595.txt
newsText2596.txt
newsText2597.txt
newsText2598.txt
newsText2599.txt
newsText2600.txt
newsText2601.txt
newsText2602.txt
newsText2603.txt
newsText2604.txt
newsText2605.txt
newsText2606.txt
newsText2607.txt
newsText2608.txt
newsText2609.txt
newsText2610.txt
newsText2611.txt
newsText2612.txt
newsText2615.txt
newsText2616.txt
newsText2617.txt
newsText2618.txt
newsText2619.txt
newsText2620.txt
newsText2621.txt
newsText2622.txt
newsText2623.txt
newsText2625.txt
newsText2626.txt
newsText2627.txt
newsText2628.txt
newsText2629.txt
newsText2630.txt
newsText2631.txt
newsText2632.txt
newsText2633.txt
newsText2634.txt
newsText2635.txt
newsText2636.txt
newsText2637.txt
newsText2638.txt
newsText2639.txt
newsText2640.txt
newsText2641.txt
newsText2642.txt
newsText2643.txt
newsText2644.txt
newsText2645.txt
newsText2647.txt
newsText2648.txt
newsText2650.txt
newsText2651.txt
newsText2654.txt
newsText2655.txt
newsText2656.txt
newsText2657.txt
newsText2658.txt
newsText2659.txt
newsText2660.txt
newsText2661.txt
newsText2662.txt
newsText2664.txt
newsText2665.txt
newsText2666.txt
newsText2669.txt
newsText2670.txt
newsText2671.txt
newsText2672.txt
newsText2673.txt
newsText2674.txt
newsText2675.txt
newsText2677.txt
newsText2678.txt
newsText2679.txt
newsText2681.txt
newsText2682.txt
newsText2683.txt
newsText2684.txt
newsText2685.txt
newsText2686.txt
newsText2687.txt
newsText2688.txt
newsText2689.txt
newsText2690.txt
newsText2691.txt
newsText2692.txt
newsText2693.txt
newsText2694.txt
newsText2695.txt
newsText2696.txt
newsText2697.txt
newsText2698.txt
newsText2699.txt
newsText2700.txt
newsText2701.txt
newsText2702.txt
newsText2703.txt
newsText2704.txt
newsText2705.txt
newsText2706.txt
newsText2707.txt
newsText2708.txt
newsText2709.txt
newsText2710.txt
newsText2711.txt
newsText2712.txt
newsText2713.txt
newsText2714.txt
newsText2715.txt
newsText2716.txt
newsText2717.txt
newsText2718.txt
newsText2720.txt
newsText2721.txt
newsText2722.txt
newsText2723.txt
newsText2724.txt
newsText2725.txt
newsText2726.txt
newsText2727.txt
newsText2728.txt
newsText2731.txt
newsText2732.txt
newsText2733.txt
newsText2734.txt
newsText2735.txt
newsText2736.txt
newsText2737.txt
newsText2738.txt
newsText2739.txt
newsText2741.txt
newsText2742.txt
newsText2743.txt
newsText2744.txt
newsText2745.txt
newsText2746.txt
newsText2747.txt
newsText2748.txt
newsText2751.txt
newsText2753.txt
newsText2755.txt
newsText2756.txt
newsText2757.txt
newsText2758.txt
newsText2760.txt
newsText2761.txt
newsText2762.txt
newsText2763.txt
newsText2766.txt
newsText2768.txt
newsText2769.txt
newsText2770.txt
newsText2771.txt
newsText2772.txt
newsText2773.txt
newsText2774.txt
newsText2775.txt
newsText2776.txt
newsText2777.txt
newsText2779.txt
newsText2780.txt
newsText2781.txt
newsText2782.txt
newsText2783.txt
newsText2784.txt
newsText2785.txt
newsText2786.txt
newsText2787.txt
newsText2788.txt
newsText2789.txt
newsText2790.txt
newsText2791.txt
newsText2792.txt
newsText2795.txt
newsText2796.txt
newsText2797.txt
newsText2798.txt
newsText2799.txt
newsText2800.txt
newsText2801.txt
newsText2802.txt
newsText2803.txt
newsText2804.txt
newsText2805.txt
newsText2806.txt
newsText2807.txt
newsText2808.txt
newsText2809.txt
newsText2810.txt
newsText2811.txt
newsText2812.txt
newsText2813.txt
newsText2814.txt
newsText2815.txt
newsText2816.txt
newsText2817.txt
newsText2818.txt
newsText2820.txt
newsText2821.txt
newsText2822.txt
newsText2823.txt
newsText2825.txt
newsText2826.txt
newsText2827.txt
newsText2828.txt
newsText2829.txt
newsText2830.txt
newsText2831.txt
newsText2832.txt
newsText2833.txt
newsText2834.txt
newsText2835.txt
newsText2836.txt
newsText2837.txt
newsText2838.txt
newsText2839.txt
newsText2840.txt
newsText2843.txt
newsText2844.txt
newsText2845.txt
newsText2846.txt
newsText2847.txt
newsText2848.txt
newsText2850.txt
newsText2851.txt
newsText2852.txt
newsText2853.txt
newsText2854.txt
newsText2855.txt
newsText2856.txt
newsText2857.txt
newsText2858.txt
newsText2859.txt
newsText2860.txt
newsText2861.txt
newsText2862.txt
newsText2863.txt
newsText2866.txt
newsText2868.txt
newsText2869.txt
newsText2870.txt
newsText2871.txt
newsText2872.txt
newsText2873.txt
newsText2874.txt
newsText2875.txt
newsText2876.txt
newsText2878.txt
newsText2879.txt
newsText2881.txt
newsText2882.txt
newsText2884.txt
newsText2885.txt
newsText2886.txt
newsText2887.txt
newsText2889.txt
newsText2890.txt
newsText2891.txt
newsText2892.txt
newsText2893.txt
newsText2894.txt
newsText2895.txt
newsText2896.txt
newsText2897.txt
newsText2898.txt
newsText2899.txt
newsText2900.txt
newsText2901.txt
newsText2903.txt
newsText2904.txt
newsText2905.txt
newsText2906.txt
newsText2907.txt
newsText2908.txt
newsText2909.txt
newsText2910.txt
newsText2911.txt
newsText2912.txt
newsText2913.txt
newsText2914.txt
newsText2915.txt
newsText2916.txt
newsText2917.txt
newsText2918.txt
newsText2919.txt
newsText2920.txt
newsText2921.txt
newsText2922.txt
newsText2923.txt
newsText2924.txt
newsText2925.txt
newsText2926.txt
newsText2927.txt
newsText2928.txt
newsText2929.txt
newsText2931.txt
newsText2932.txt
newsText2933.txt
newsText2934.txt
newsText2935.txt
newsText2936.txt
newsText2937.txt
newsText2938.txt
newsText2939.txt
newsText2940.txt
newsText2941.txt
newsText2942.txt
newsText2943.txt
newsText2944.txt
newsText2945.txt
newsText2946.txt
newsText2947.txt
newsText2948.txt
newsText2949.txt
newsText2950.txt
newsText2951.txt
newsText2952.txt
newsText2954.txt
newsText2955.txt
newsText2957.txt
newsText2958.txt
newsText2959.txt
newsText2960.txt
newsText2961.txt
newsText2962.txt
newsText2963.txt
newsText2964.txt
newsText2965.txt
newsText2966.txt
newsText2967.txt
newsText2968.txt
newsText2969.txt
newsText2971.txt
newsText2972.txt
newsText2973.txt
newsText2974.txt
newsText2976.txt
newsText2977.txt
newsText2978.txt
newsText2979.txt
newsText2980.txt
newsText2981.txt
newsText2982.txt
newsText2983.txt
newsText2984.txt
newsText2985.txt
newsText2986.txt
newsText2987.txt
newsText2988.txt
newsText2989.txt
newsText2991.txt
newsText2992.txt
newsText2995.txt
newsText2996.txt
newsText2997.txt
newsText2998.txt
newsText2999.txt
newsText3000.txt
newsText3001.txt
newsText3002.txt
newsText3003.txt
newsText3004.txt
newsText3005.txt
newsText3006.txt
newsText3007.txt
newsText3008.txt
newsText3009.txt
newsText3010.txt
newsText3011.txt
newsText3012.txt
newsText3013.txt
newsText3014.txt
newsText3015.txt
newsText3016.txt
newsText3017.txt
newsText3018.txt
newsText3019.txt
newsText3020.txt
newsText3021.txt
newsText3023.txt
newsText3024.txt
newsText3025.txt
newsText3026.txt
newsText3027.txt
newsText3028.txt
newsText3029.txt
newsText3030.txt
newsText3031.txt
newsText3032.txt
newsText3033.txt
newsText3034.txt
newsText3035.txt
newsText3037.txt
newsText3038.txt
newsText3039.txt
newsText3041.txt
newsText3042.txt
newsText3043.txt
newsText3044.txt
newsText3045.txt
newsText3047.txt
newsText3048.txt
newsText3049.txt
newsText3050.txt
