newsText4271.txt
newsText4272.txt
newsText4274.txt
newsText4275.txt
newsText4276.txt
newsText4278.txt
newsText4279.txt
newsText4280.txt
newsText4281.txt
newsText4282.txt
newsText4284.txt
newsText4285.txt
newsText4286.txt
newsText4288.txt
newsText4289.txt
newsText4290.txt
newsText4291.txt
newsText4293.txt
newsText4294.txt
newsText4295.txt
newsText4298.txt
newsText4299.txt
newsText4300.txt
newsText4301.txt
newsText4302.txt
newsText4303.txt
newsText4305.txt
newsText4306.txt
newsText4307.txt
newsText4308.txt
newsText4309.txt
newsText4310.txt
newsText4311.txt
newsText4312.txt
newsText4313.txt
newsText4314.txt
newsText4315.txt
newsText4316.txt
newsText4318.txt
newsText4319.txt
newsText4320.txt
newsText4321.txt
newsText4322.txt
newsText4323.txt
newsText4324.txt
newsText4325.txt
newsText4326.txt
newsText4327.txt
newsText4328.txt
newsText4329.txt
newsText4330.txt
newsText4331.txt
newsText4332.txt
newsText4333.txt
newsText4334.txt
newsText4336.txt
newsText4337.txt
newsText4338.txt
newsText4340.txt
newsText4343.txt
newsText4344.txt
newsText4345.txt
newsText4346.txt
newsText4348.txt
newsText4350.txt
newsText4351.txt
newsText4352.txt
newsText4353.txt
newsText4354.txt
newsText4355.txt
newsText4356.txt
newsText4358.txt
newsText4359.txt
newsText4360.txt
newsText4361.txt
newsText4362.txt
newsText4363.txt
newsText4364.txt
newsText4365.txt
newsText4366.txt
newsText4367.txt
newsText4368.txt
newsText4369.txt
newsText4370.txt
newsText4371.txt
newsText4372.txt
newsText4373.txt
newsText4374.txt
newsText4375.txt
newsText4376.txt
newsText4378.txt
newsText4379.txt
newsText4380.txt
newsText4381.txt
newsText4382.txt
newsText4383.txt
newsText4385.txt
newsText4386.txt
newsText4388.txt
newsText4389.txt
newsText4391.txt
newsText4392.txt
newsText4393.txt
newsText4394.txt
newsText4396.txt
newsText4397.txt
newsText4398.txt
newsText4399.txt
newsText4400.txt
newsText4402.txt
newsText4403.txt
newsText4404.txt
newsText4405.txt
newsText4406.txt
newsText4407.txt
newsText4408.txt
newsText4409.txt
newsText4410.txt
newsText4411.txt
newsText4412.txt
newsText4413.txt
newsText4414.txt
newsText4415.txt
newsText4416.txt
newsText4418.txt
newsText4419.txt
newsText4420.txt
newsText4421.txt
newsText4423.txt
newsText4424.txt
newsText4425.txt
newsText4430.txt
newsText4431.txt
newsText4433.txt
newsText4434.txt
newsText4435.txt
newsText4436.txt
newsText4437.txt
newsText4439.txt
newsText4440.txt
newsText4441.txt
newsText4442.txt
newsText4443.txt
newsText4445.txt
newsText4446.txt
newsText4447.txt
newsText4448.txt
newsText4449.txt
newsText4450.txt
newsText4451.txt
newsText4452.txt
newsText4453.txt
newsText4454.txt
newsText4456.txt
newsText4458.txt
newsText4460.txt
newsText4461.txt
newsText4462.txt
newsText4463.txt
newsText4465.txt
newsText4466.txt
newsText4467.txt
newsText4468.txt
newsText4469.txt
newsText4470.txt
newsText4471.txt
newsText4472.txt
newsText4475.txt
newsText4477.txt
newsText4479.txt
newsText4480.txt
newsText4481.txt
newsText4482.txt
newsText4483.txt
newsText4484.txt
newsText4485.txt
newsText4486.txt
newsText4487.txt
newsText4489.txt
newsText4490.txt
newsText4491.txt
newsText4492.txt
newsText4493.txt
newsText4494.txt
newsText4495.txt
newsText4496.txt
newsText4497.txt
newsText4498.txt
newsText4499.txt
newsText4500.txt
newsText4501.txt
newsText4502.txt
newsText4504.txt
newsText4505.txt
newsText4506.txt
newsText4507.txt
newsText4508.txt
newsText4509.txt
newsText4510.txt
newsText4511.txt
newsText4512.txt
newsText4513.txt
newsText4514.txt
newsText4515.txt
newsText4516.txt
newsText4517.txt
newsText4518.txt
newsText4519.txt
newsText4520.txt
newsText4521.txt
newsText4523.txt
newsText4525.txt
newsText4526.txt
newsText4528.txt
newsText4529.txt
newsText4530.txt
newsText4531.txt
newsText4533.txt
newsText4534.txt
newsText4535.txt
newsText4536.txt
newsText4538.txt
newsText4539.txt
newsText4540.txt
newsText4541.txt
newsText4542.txt
newsText4543.txt
newsText4544.txt
newsText4545.txt
newsText4546.txt
newsText4547.txt
newsText4548.txt
newsText4549.txt
newsText4550.txt
newsText4551.txt
newsText4552.txt
newsText4553.txt
newsText4554.txt
newsText4555.txt
newsText4556.txt
newsText4557.txt
newsText4558.txt
newsText4559.txt
newsText4560.txt
newsText4562.txt
newsText4565.txt
newsText4566.txt
newsText4567.txt
newsText4568.txt
newsText4569.txt
newsText4570.txt
newsText4571.txt
newsText4572.txt
newsText4573.txt
newsText4574.txt
newsText4575.txt
newsText4576.txt
newsText4577.txt
newsText4578.txt
newsText4579.txt
newsText4580.txt
newsText4581.txt
newsText4583.txt
newsText4584.txt
newsText4585.txt
newsText4587.txt
newsText4588.txt
newsText4589.txt
newsText4590.txt
newsText4591.txt
newsText4592.txt
newsText4593.txt
newsText4594.txt
newsText4596.txt
newsText4597.txt
newsText4598.txt
newsText4599.txt
newsText4600.txt
newsText4601.txt
newsText4602.txt
newsText4603.txt
newsText4604.txt
newsText4605.txt
newsText4606.txt
newsText4607.txt
newsText4608.txt
newsText4609.txt
newsText4611.txt
newsText4612.txt
newsText4613.txt
newsText4614.txt
newsText4615.txt
newsText4616.txt
newsText4617.txt
newsText4618.txt
newsText4619.txt
newsText4620.txt
newsText4622.txt
newsText4623.txt
newsText4627.txt
newsText4628.txt
newsText4629.txt
newsText4630.txt
newsText4631.txt
newsText4632.txt
newsText4634.txt
newsText4636.txt
newsText4637.txt
newsText4638.txt
newsText4639.txt
newsText4640.txt
newsText4641.txt
newsText4642.txt
newsText4643.txt
newsText4644.txt
newsText4645.txt
newsText4646.txt
newsText4647.txt
newsText4650.txt
newsText4651.txt
newsText4652.txt
newsText4654.txt
newsText4655.txt
newsText4656.txt
newsText4657.txt
newsText4658.txt
newsText4659.txt
newsText4660.txt
newsText4661.txt
newsText4662.txt
newsText4663.txt
newsText4664.txt
newsText4665.txt
newsText4666.txt
newsText4667.txt
newsText4668.txt
newsText4669.txt
newsText4670.txt
newsText4671.txt
newsText4672.txt
newsText4673.txt
newsText4674.txt
newsText4675.txt
newsText4676.txt
newsText4677.txt
newsText4678.txt
newsText4679.txt
newsText4680.txt
newsText4681.txt
newsText4682.txt
newsText4683.txt
newsText4684.txt
newsText4685.txt
newsText4686.txt
newsText4687.txt
newsText4688.txt
newsText4689.txt
newsText4690.txt
newsText4691.txt
newsText4692.txt
newsText4693.txt
newsText4694.txt
newsText4695.txt
newsText4696.txt
newsText4697.txt
newsText4698.txt
newsText4699.txt
newsText4700.txt
newsText4701.txt
newsText4702.txt
newsText4703.txt
newsText4704.txt
newsText4705.txt
newsText4707.txt
newsText4708.txt
newsText4709.txt
newsText4710.txt
newsText4711.txt
newsText4712.txt
newsText4713.txt
newsText4714.txt
newsText4715.txt
newsText4716.txt
newsText4718.txt
newsText4719.txt
newsText4720.txt
newsText4721.txt
newsText4723.txt
newsText4724.txt
newsText4725.txt
newsText4726.txt
newsText4727.txt
newsText4728.txt
newsText4729.txt
newsText4730.txt
newsText4731.txt
newsText4732.txt
newsText4733.txt
newsText4735.txt
newsText4736.txt
newsText4737.txt
newsText4738.txt
newsText4739.txt
newsText4740.txt
newsText4741.txt
newsText4742.txt
newsText4743.txt
newsText4744.txt
newsText4746.txt
newsText4747.txt
newsText4748.txt
newsText4749.txt
newsText4750.txt
newsText4751.txt
newsText4752.txt
newsText4753.txt
newsText4754.txt
newsText4755.txt
newsText4757.txt
newsText4758.txt
newsText4759.txt
newsText4761.txt
newsText4762.txt
newsText4763.txt
newsText4764.txt
newsText4765.txt
newsText4766.txt
newsText4767.txt
newsText4768.txt
newsText4769.txt
newsText4770.txt
newsText4771.txt
newsText4772.txt
newsText4773.txt
newsText4774.txt
newsText4775.txt
newsText4776.txt
newsText4777.txt
newsText4778.txt
newsText4779.txt
newsText4780.txt
newsText4781.txt
newsText4782.txt
newsText4783.txt
newsText4784.txt
newsText4785.txt
newsText4786.txt
newsText4787.txt
newsText4788.txt
newsText4789.txt
newsText4790.txt
newsText4791.txt
newsText4792.txt
newsText4793.txt
newsText4794.txt
newsText4795.txt
newsText4796.txt
newsText4797.txt
newsText4798.txt
newsText4799.txt
newsText4800.txt
newsText4802.txt
newsText4803.txt
newsText4804.txt
newsText4805.txt
newsText4806.txt
newsText4807.txt
newsText4808.txt
newsText4809.txt
newsText4810.txt
newsText4811.txt
newsText4813.txt
newsText4814.txt
newsText4815.txt
newsText4817.txt
newsText4818.txt
newsText4819.txt
newsText4820.txt
newsText4821.txt
newsText4822.txt
newsText4823.txt
newsText4824.txt
newsText4825.txt
newsText4826.txt
newsText4827.txt
newsText4828.txt
newsText4829.txt
newsText4830.txt
newsText4831.txt
newsText4832.txt
newsText4833.txt
newsText4834.txt
newsText4835.txt
newsText4836.txt
newsText4837.txt
newsText4838.txt
newsText4839.txt
newsText4840.txt
newsText4841.txt
newsText4842.txt
newsText4843.txt
newsText4844.txt
newsText4845.txt
newsText4846.txt
newsText4848.txt
newsText4849.txt
newsText4850.txt
newsText4851.txt
newsText4852.txt
newsText4853.txt
newsText4854.txt
newsText4855.txt
newsText4856.txt
newsText4857.txt
newsText4858.txt
newsText4859.txt
newsText4861.txt
newsText4862.txt
newsText4864.txt
newsText4865.txt
newsText4867.txt
newsText4868.txt
newsText4869.txt
newsText4871.txt
newsText4872.txt
newsText4873.txt
newsText4874.txt
newsText4875.txt
newsText4876.txt
newsText4877.txt
newsText4878.txt
newsText4879.txt
newsText4880.txt
