newsText5491.txt
newsText5492.txt
newsText5493.txt
newsText5495.txt
newsText5496.txt
newsText5497.txt
newsText5498.txt
newsText5499.txt
newsText5500.txt
newsText5501.txt
newsText5503.txt
newsText5504.txt
newsText5506.txt
newsText5507.txt
newsText5508.txt
newsText5509.txt
newsText5510.txt
newsText5511.txt
newsText5512.txt
newsText5513.txt
newsText5514.txt
newsText5517.txt
newsText5518.txt
newsText5519.txt
newsText5520.txt
newsText5522.txt
newsText5523.txt
newsText5524.txt
newsText5525.txt
newsText5526.txt
newsText5527.txt
newsText5528.txt
newsText5529.txt
newsText5530.txt
newsText5531.txt
newsText5532.txt
newsText5533.txt
newsText5534.txt
newsText5535.txt
newsText5536.txt
newsText5538.txt
newsText5540.txt
newsText5541.txt
newsText5542.txt
newsText5543.txt
newsText5544.txt
newsText5545.txt
newsText5546.txt
newsText5547.txt
newsText5548.txt
newsText5549.txt
newsText5551.txt
newsText5553.txt
newsText5554.txt
newsText5555.txt
newsText5557.txt
newsText5558.txt
newsText5559.txt
newsText5560.txt
newsText5561.txt
newsText5562.txt
newsText5564.txt
newsText5565.txt
newsText5566.txt
newsText5567.txt
newsText5568.txt
newsText5569.txt
newsText5570.txt
newsText5571.txt
newsText5572.txt
newsText5573.txt
newsText5574.txt
newsText5575.txt
newsText5576.txt
newsText5577.txt
newsText5578.txt
newsText5579.txt
newsText5580.txt
newsText5581.txt
newsText5582.txt
newsText5583.txt
newsText5584.txt
newsText5586.txt
newsText5587.txt
newsText5588.txt
newsText5591.txt
newsText5592.txt
newsText5593.txt
newsText5594.txt
newsText5595.txt
newsText5596.txt
newsText5598.txt
newsText5599.txt
newsText5600.txt
newsText5601.txt
newsText5602.txt
newsText5603.txt
newsText5604.txt
newsText5605.txt
newsText5606.txt
newsText5607.txt
newsText5608.txt
newsText5609.txt
newsText5610.txt
newsText5611.txt
newsText5612.txt
newsText5613.txt
newsText5615.txt
newsText5616.txt
newsText5617.txt
newsText5618.txt
newsText5620.txt
newsText5621.txt
newsText5622.txt
newsText5623.txt
newsText5624.txt
newsText5625.txt
newsText5626.txt
newsText5628.txt
newsText5629.txt
newsText5630.txt
newsText5632.txt
newsText5633.txt
newsText5634.txt
newsText5636.txt
newsText5638.txt
newsText5639.txt
newsText5640.txt
newsText5641.txt
newsText5642.txt
newsText5645.txt
newsText5647.txt
newsText5648.txt
newsText5649.txt
newsText5650.txt
newsText5651.txt
newsText5652.txt
newsText5655.txt
newsText5656.txt
newsText5657.txt
newsText5658.txt
newsText5659.txt
newsText5660.txt
newsText5662.txt
newsText5663.txt
newsText5665.txt
newsText5666.txt
newsText5667.txt
newsText5668.txt
newsText5669.txt
newsText5671.txt
newsText5672.txt
newsText5673.txt
newsText5674.txt
newsText5675.txt
newsText5676.txt
newsText5677.txt
newsText5679.txt
newsText5680.txt
newsText5681.txt
newsText5682.txt
newsText5683.txt
newsText5685.txt
newsText5686.txt
newsText5687.txt
newsText5688.txt
newsText5689.txt
newsText5690.txt
newsText5691.txt
newsText5692.txt
newsText5693.txt
newsText5694.txt
newsText5695.txt
newsText5696.txt
newsText5697.txt
newsText5698.txt
newsText5699.txt
newsText5700.txt
newsText5701.txt
newsText5703.txt
newsText5704.txt
newsText5705.txt
newsText5706.txt
newsText5708.txt
newsText5709.txt
newsText5710.txt
newsText5711.txt
newsText5712.txt
newsText5713.txt
newsText5714.txt
newsText5715.txt
newsText5716.txt
newsText5717.txt
newsText5718.txt
newsText5719.txt
newsText5721.txt
newsText5722.txt
newsText5725.txt
newsText5727.txt
newsText5728.txt
newsText5729.txt
newsText5730.txt
newsText5731.txt
newsText5732.txt
newsText5734.txt
newsText5735.txt
newsText5737.txt
newsText5738.txt
newsText5739.txt
newsText5741.txt
newsText5742.txt
newsText5743.txt
newsText5744.txt
newsText5745.txt
newsText5746.txt
newsText5747.txt
newsText5748.txt
newsText5750.txt
newsText5751.txt
newsText5752.txt
newsText5753.txt
newsText5754.txt
newsText5755.txt
newsText5756.txt
newsText5759.txt
newsText5760.txt
newsText5761.txt
newsText5763.txt
newsText5764.txt
newsText5765.txt
newsText5766.txt
newsText5767.txt
newsText5768.txt
newsText5769.txt
newsText5771.txt
newsText5772.txt
newsText5773.txt
newsText5775.txt
newsText5776.txt
newsText5777.txt
newsText5778.txt
newsText5779.txt
newsText5780.txt
newsText5782.txt
newsText5783.txt
newsText5784.txt
newsText5785.txt
newsText5786.txt
newsText5787.txt
newsText5788.txt
newsText5789.txt
newsText5790.txt
newsText5791.txt
newsText5792.txt
newsText5793.txt
newsText5794.txt
newsText5795.txt
newsText5796.txt
newsText5797.txt
newsText5798.txt
newsText5799.txt
newsText5800.txt
newsText5801.txt
newsText5802.txt
newsText5804.txt
newsText5805.txt
newsText5807.txt
newsText5808.txt
newsText5809.txt
newsText5810.txt
newsText5811.txt
newsText5813.txt
newsText5814.txt
newsText5815.txt
newsText5816.txt
newsText5817.txt
newsText5818.txt
newsText5819.txt
newsText5820.txt
newsText5821.txt
newsText5822.txt
newsText5823.txt
newsText5825.txt
newsText5827.txt
newsText5828.txt
newsText5829.txt
newsText5830.txt
newsText5831.txt
newsText5832.txt
newsText5833.txt
newsText5834.txt
newsText5835.txt
newsText5836.txt
newsText5838.txt
newsText5839.txt
newsText5841.txt
newsText5842.txt
newsText5843.txt
newsText5844.txt
newsText5845.txt
newsText5846.txt
newsText5847.txt
newsText5848.txt
newsText5849.txt
newsText5850.txt
newsText5851.txt
newsText5852.txt
newsText5853.txt
newsText5854.txt
newsText5855.txt
newsText5856.txt
newsText5857.txt
newsText5858.txt
newsText5859.txt
newsText5860.txt
newsText5861.txt
newsText5862.txt
newsText5863.txt
newsText5864.txt
newsText5865.txt
newsText5866.txt
newsText5867.txt
newsText5868.txt
newsText5870.txt
newsText5871.txt
newsText5872.txt
newsText5873.txt
newsText5874.txt
newsText5875.txt
newsText5876.txt
newsText5877.txt
newsText5878.txt
newsText5879.txt
newsText5880.txt
newsText5881.txt
newsText5882.txt
newsText5883.txt
newsText5884.txt
newsText5885.txt
newsText5886.txt
newsText5887.txt
newsText5888.txt
newsText5889.txt
newsText5897.txt
newsText5898.txt
newsText5900.txt
newsText5901.txt
newsText5903.txt
newsText5904.txt
newsText5905.txt
newsText5907.txt
newsText5908.txt
newsText5911.txt
newsText5914.txt
newsText5915.txt
newsText5917.txt
newsText5918.txt
newsText5920.txt
newsText5921.txt
newsText5922.txt
newsText5923.txt
newsText5924.txt
newsText5928.txt
newsText5930.txt
newsText5932.txt
newsText5934.txt
newsText5936.txt
newsText5937.txt
newsText5938.txt
newsText5939.txt
newsText5940.txt
newsText5941.txt
newsText5943.txt
newsText5944.txt
newsText5945.txt
newsText5947.txt
newsText5948.txt
newsText5950.txt
newsText5951.txt
newsText5952.txt
newsText5953.txt
newsText5954.txt
newsText5955.txt
newsText5956.txt
newsText5957.txt
newsText5958.txt
newsText5961.txt
newsText5962.txt
newsText5963.txt
newsText5964.txt
newsText5965.txt
newsText5966.txt
newsText5968.txt
newsText5969.txt
newsText5970.txt
newsText5974.txt
newsText5975.txt
newsText5976.txt
newsText5977.txt
newsText5978.txt
newsText5979.txt
newsText5980.txt
newsText5982.txt
newsText5984.txt
newsText5985.txt
newsText5986.txt
newsText5987.txt
newsText5988.txt
newsText5989.txt
newsText5991.txt
newsText5992.txt
newsText5993.txt
newsText5994.txt
newsText5995.txt
newsText5996.txt
newsText5997.txt
newsText5999.txt
newsText6000.txt
newsText6001.txt
newsText6002.txt
newsText6003.txt
newsText6004.txt
newsText6005.txt
newsText6006.txt
newsText6007.txt
newsText6008.txt
newsText6009.txt
newsText6010.txt
newsText6012.txt
newsText6013.txt
newsText6014.txt
newsText6015.txt
newsText6016.txt
newsText6018.txt
newsText6019.txt
newsText6020.txt
newsText6021.txt
newsText6022.txt
newsText6023.txt
newsText6026.txt
newsText6027.txt
newsText6028.txt
newsText6029.txt
newsText6030.txt
newsText6031.txt
newsText6032.txt
newsText6033.txt
newsText6034.txt
newsText6035.txt
newsText6036.txt
newsText6037.txt
newsText6039.txt
newsText6040.txt
newsText6041.txt
newsText6042.txt
newsText6044.txt
newsText6046.txt
newsText6047.txt
newsText6048.txt
newsText6049.txt
newsText6050.txt
newsText6052.txt
newsText6054.txt
newsText6055.txt
newsText6056.txt
newsText6057.txt
newsText6058.txt
newsText6059.txt
newsText6060.txt
newsText6061.txt
newsText6062.txt
newsText6063.txt
newsText6064.txt
newsText6066.txt
newsText6067.txt
newsText6068.txt
newsText6069.txt
newsText6070.txt
newsText6071.txt
newsText6072.txt
newsText6073.txt
newsText6074.txt
newsText6077.txt
newsText6079.txt
newsText6080.txt
newsText6081.txt
newsText6082.txt
newsText6083.txt
newsText6084.txt
newsText6085.txt
newsText6086.txt
newsText6087.txt
newsText6088.txt
newsText6090.txt
newsText6091.txt
newsText6092.txt
newsText6093.txt
newsText6094.txt
newsText6095.txt
newsText6096.txt
newsText6097.txt
newsText6098.txt
newsText6099.txt
newsText6100.txt
