newsText7322.txt
newsText7323.txt
newsText7324.txt
newsText7325.txt
newsText7326.txt
newsText7327.txt
newsText7329.txt
newsText7330.txt
newsText7331.txt
newsText7332.txt
newsText7333.txt
newsText7334.txt
newsText7335.txt
newsText7336.txt
newsText7337.txt
newsText7339.txt
newsText7341.txt
newsText7342.txt
newsText7343.txt
newsText7344.txt
newsText7345.txt
newsText7346.txt
newsText7347.txt
newsText7348.txt
newsText7350.txt
newsText7351.txt
newsText7354.txt
newsText7356.txt
newsText7357.txt
newsText7358.txt
newsText7359.txt
newsText7360.txt
newsText7361.txt
newsText7362.txt
newsText7364.txt
newsText7365.txt
newsText7366.txt
newsText7367.txt
newsText7368.txt
newsText7369.txt
newsText7370.txt
newsText7371.txt
newsText7372.txt
newsText7373.txt
newsText7374.txt
newsText7375.txt
newsText7376.txt
newsText7377.txt
newsText7378.txt
newsText7380.txt
newsText7381.txt
newsText7382.txt
newsText7383.txt
newsText7385.txt
newsText7386.txt
newsText7387.txt
newsText7388.txt
newsText7389.txt
newsText7390.txt
newsText7391.txt
newsText7392.txt
newsText7393.txt
newsText7396.txt
newsText7397.txt
newsText7398.txt
newsText7399.txt
newsText7400.txt
newsText7401.txt
newsText7402.txt
newsText7403.txt
newsText7404.txt
newsText7405.txt
newsText7406.txt
newsText7407.txt
newsText7408.txt
newsText7409.txt
newsText7410.txt
newsText7411.txt
newsText7412.txt
newsText7413.txt
newsText7414.txt
newsText7415.txt
newsText7416.txt
newsText7417.txt
newsText7419.txt
newsText7420.txt
newsText7421.txt
newsText7422.txt
newsText7423.txt
newsText7424.txt
newsText7425.txt
newsText7426.txt
newsText7428.txt
newsText7429.txt
newsText7430.txt
newsText7431.txt
newsText7432.txt
newsText7433.txt
newsText7434.txt
newsText7435.txt
newsText7436.txt
newsText7437.txt
newsText7438.txt
newsText7439.txt
newsText7440.txt
newsText7441.txt
newsText7442.txt
newsText7443.txt
newsText7444.txt
newsText7445.txt
newsText7446.txt
newsText7447.txt
newsText7448.txt
newsText7449.txt
newsText7450.txt
newsText7451.txt
newsText7453.txt
newsText7454.txt
newsText7455.txt
newsText7456.txt
newsText7457.txt
newsText7458.txt
newsText7459.txt
newsText7460.txt
newsText7461.txt
newsText7462.txt
newsText7463.txt
newsText7464.txt
newsText7465.txt
newsText7466.txt
newsText7469.txt
newsText7471.txt
newsText7472.txt
newsText7473.txt
newsText7474.txt
newsText7475.txt
newsText7476.txt
newsText7477.txt
newsText7478.txt
newsText7479.txt
newsText7481.txt
newsText7484.txt
newsText7485.txt
newsText7486.txt
newsText7488.txt
newsText7489.txt
newsText7490.txt
newsText7491.txt
newsText7492.txt
newsText7493.txt
newsText7494.txt
newsText7495.txt
newsText7496.txt
newsText7497.txt
newsText7498.txt
newsText7499.txt
newsText7500.txt
newsText7501.txt
newsText7502.txt
newsText7504.txt
newsText7505.txt
newsText7506.txt
newsText7507.txt
newsText7508.txt
newsText7509.txt
newsText7511.txt
newsText7512.txt
newsText7513.txt
newsText7514.txt
newsText7515.txt
newsText7516.txt
newsText7517.txt
newsText7519.txt
newsText7520.txt
newsText7521.txt
newsText7522.txt
newsText7523.txt
newsText7524.txt
newsText7526.txt
newsText7527.txt
newsText7531.txt
newsText7532.txt
newsText7535.txt
newsText7536.txt
newsText7537.txt
newsText7538.txt
newsText7539.txt
newsText7540.txt
newsText7541.txt
newsText7542.txt
newsText7543.txt
newsText7544.txt
newsText7545.txt
newsText7548.txt
newsText7550.txt
newsText7553.txt
newsText7554.txt
newsText7555.txt
newsText7556.txt
newsText7557.txt
newsText7558.txt
newsText7559.txt
newsText7560.txt
newsText7561.txt
newsText7562.txt
newsText7564.txt
newsText7565.txt
newsText7566.txt
newsText7567.txt
newsText7568.txt
newsText7569.txt
newsText7570.txt
newsText7571.txt
newsText7573.txt
newsText7574.txt
newsText7575.txt
newsText7576.txt
newsText7577.txt
newsText7579.txt
newsText7581.txt
newsText7582.txt
newsText7583.txt
newsText7584.txt
newsText7585.txt
newsText7586.txt
newsText7587.txt
newsText7588.txt
newsText7589.txt
newsText7590.txt
newsText7591.txt
newsText7593.txt
newsText7594.txt
newsText7595.txt
newsText7596.txt
newsText7600.txt
newsText7601.txt
newsText7602.txt
newsText7604.txt
newsText7605.txt
newsText7607.txt
newsText7609.txt
newsText7610.txt
newsText7611.txt
newsText7612.txt
newsText7613.txt
newsText7615.txt
newsText7616.txt
newsText7617.txt
newsText7618.txt
newsText7619.txt
newsText7620.txt
newsText7621.txt
newsText7622.txt
newsText7623.txt
newsText7625.txt
newsText7626.txt
newsText7627.txt
newsText7628.txt
newsText7629.txt
newsText7630.txt
newsText7631.txt
newsText7632.txt
newsText7633.txt
newsText7634.txt
newsText7635.txt
newsText7636.txt
newsText7637.txt
newsText7638.txt
newsText7640.txt
newsText7642.txt
newsText7643.txt
newsText7645.txt
newsText7646.txt
newsText7647.txt
newsText7648.txt
newsText7649.txt
newsText7650.txt
newsText7651.txt
newsText7652.txt
newsText7653.txt
newsText7654.txt
newsText7655.txt
newsText7656.txt
newsText7658.txt
newsText7665.txt
newsText7666.txt
newsText7668.txt
newsText7669.txt
newsText7670.txt
newsText7671.txt
newsText7672.txt
newsText7673.txt
newsText7674.txt
newsText7677.txt
newsText7678.txt
newsText7679.txt
newsText7682.txt
newsText7683.txt
newsText7685.txt
newsText7686.txt
newsText7687.txt
newsText7688.txt
newsText7690.txt
newsText7691.txt
newsText7692.txt
newsText7694.txt
newsText7696.txt
newsText7700.txt
newsText7701.txt
newsText7702.txt
newsText7703.txt
newsText7704.txt
newsText7706.txt
newsText7708.txt
newsText7709.txt
newsText7710.txt
newsText7712.txt
newsText7713.txt
newsText7714.txt
newsText7715.txt
newsText7716.txt
newsText7717.txt
newsText7719.txt
newsText7721.txt
newsText7722.txt
newsText7723.txt
newsText7724.txt
newsText7725.txt
newsText7726.txt
newsText7728.txt
newsText7729.txt
newsText7731.txt
newsText7732.txt
newsText7733.txt
newsText7735.txt
newsText7736.txt
newsText7737.txt
newsText7738.txt
newsText7739.txt
newsText7740.txt
newsText7741.txt
newsText7742.txt
newsText7743.txt
newsText7744.txt
newsText7747.txt
newsText7749.txt
newsText7750.txt
newsText7752.txt
newsText7753.txt
newsText7754.txt
newsText7755.txt
newsText7757.txt
newsText7758.txt
newsText7759.txt
newsText7760.txt
newsText7761.txt
newsText7762.txt
newsText7763.txt
newsText7764.txt
newsText7765.txt
newsText7766.txt
newsText7767.txt
newsText7768.txt
newsText7769.txt
newsText7770.txt
newsText7771.txt
newsText7773.txt
newsText7774.txt
newsText7775.txt
newsText7778.txt
newsText7779.txt
newsText7780.txt
newsText7781.txt
newsText7782.txt
newsText7783.txt
newsText7784.txt
newsText7785.txt
newsText7787.txt
newsText7788.txt
newsText7789.txt
newsText7793.txt
newsText7794.txt
newsText7795.txt
newsText7796.txt
newsText7797.txt
newsText7798.txt
newsText7799.txt
newsText7800.txt
newsText7801.txt
newsText7803.txt
newsText7805.txt
newsText7806.txt
newsText7807.txt
newsText7808.txt
newsText7809.txt
newsText7810.txt
newsText7811.txt
newsText7813.txt
newsText7815.txt
newsText7819.txt
newsText7820.txt
newsText7821.txt
newsText7822.txt
newsText7823.txt
newsText7824.txt
newsText7825.txt
newsText7826.txt
newsText7827.txt
newsText7828.txt
newsText7829.txt
newsText7830.txt
newsText7831.txt
newsText7832.txt
newsText7833.txt
newsText7834.txt
newsText7835.txt
newsText7836.txt
newsText7837.txt
newsText7840.txt
newsText7841.txt
newsText7842.txt
newsText7844.txt
newsText7845.txt
newsText7847.txt
newsText7848.txt
newsText7849.txt
newsText7850.txt
newsText7851.txt
newsText7852.txt
newsText7854.txt
newsText7855.txt
newsText7856.txt
newsText7858.txt
newsText7859.txt
newsText7860.txt
newsText7861.txt
newsText7862.txt
newsText7864.txt
newsText7866.txt
newsText7867.txt
newsText7869.txt
newsText7870.txt
newsText7871.txt
newsText7872.txt
newsText7873.txt
newsText7874.txt
newsText7875.txt
newsText7876.txt
newsText7877.txt
newsText7878.txt
newsText7882.txt
newsText7883.txt
newsText7888.txt
newsText7889.txt
newsText7890.txt
newsText7891.txt
newsText7893.txt
newsText7894.txt
newsText7895.txt
newsText7897.txt
newsText7898.txt
newsText7899.txt
newsText7900.txt
newsText7901.txt
newsText7902.txt
newsText7903.txt
newsText7904.txt
newsText7905.txt
newsText7906.txt
newsText7907.txt
newsText7908.txt
newsText7909.txt
newsText7910.txt
newsText7911.txt
newsText7912.txt
newsText7913.txt
newsText7914.txt
newsText7915.txt
newsText7916.txt
newsText7919.txt
newsText7920.txt
newsText7921.txt
newsText7922.txt
newsText7923.txt
newsText7925.txt
newsText7926.txt
newsText7927.txt
newsText7928.txt
newsText7929.txt
newsText7930.txt
