newsText3051.txt
newsText3052.txt
newsText3053.txt
newsText3054.txt
newsText3055.txt
newsText3057.txt
newsText3058.txt
newsText3059.txt
newsText3060.txt
newsText3061.txt
newsText3062.txt
newsText3063.txt
newsText3064.txt
newsText3065.txt
newsText3067.txt
newsText3069.txt
newsText3070.txt
newsText3071.txt
newsText3072.txt
newsText3073.txt
newsText3074.txt
newsText3075.txt
newsText3077.txt
newsText3078.txt
newsText3079.txt
newsText3080.txt
newsText3082.txt
newsText3083.txt
newsText3084.txt
newsText3085.txt
newsText3086.txt
newsText3087.txt
newsText3088.txt
newsText3089.txt
newsText3090.txt
newsText3091.txt
newsText3092.txt
newsText3093.txt
newsText3094.txt
newsText3095.txt
newsText3096.txt
newsText3097.txt
newsText3098.txt
newsText3099.txt
newsText3100.txt
newsText3101.txt
newsText3102.txt
newsText3103.txt
newsText3104.txt
newsText3106.txt
newsText3108.txt
newsText3110.txt
newsText3112.txt
newsText3113.txt
newsText3114.txt
newsText3115.txt
newsText3116.txt
newsText3120.txt
newsText3122.txt
newsText3123.txt
newsText3124.txt
newsText3125.txt
newsText3126.txt
newsText3127.txt
newsText3128.txt
newsText3129.txt
newsText3130.txt
newsText3131.txt
newsText3132.txt
newsText3133.txt
newsText3134.txt
newsText3135.txt
newsText3136.txt
newsText3137.txt
newsText3139.txt
newsText3140.txt
newsText3141.txt
newsText3143.txt
newsText3144.txt
newsText3146.txt
newsText3147.txt
newsText3148.txt
newsText3149.txt
newsText3151.txt
newsText3152.txt
newsText3153.txt
newsText3154.txt
newsText3155.txt
newsText3157.txt
newsText3158.txt
newsText3159.txt
newsText3160.txt
newsText3161.txt
newsText3162.txt
newsText3163.txt
newsText3164.txt
newsText3165.txt
newsText3166.txt
newsText3167.txt
newsText3168.txt
newsText3169.txt
newsText3170.txt
newsText3172.txt
newsText3173.txt
newsText3174.txt
newsText3175.txt
newsText3176.txt
newsText3177.txt
newsText3179.txt
newsText3180.txt
newsText3181.txt
newsText3182.txt
newsText3183.txt
newsText3184.txt
newsText3185.txt
newsText3186.txt
newsText3188.txt
newsText3189.txt
newsText3190.txt
newsText3192.txt
newsText3194.txt
newsText3195.txt
newsText3199.txt
newsText3201.txt
newsText3203.txt
newsText3205.txt
newsText3206.txt
newsText3207.txt
newsText3208.txt
newsText3209.txt
newsText3210.txt
newsText3211.txt
newsText3213.txt
newsText3214.txt
newsText3215.txt
newsText3216.txt
newsText3217.txt
newsText3219.txt
newsText3221.txt
newsText3222.txt
newsText3223.txt
newsText3225.txt
newsText3226.txt
newsText3227.txt
newsText3229.txt
newsText3230.txt
newsText3231.txt
newsText3233.txt
newsText3234.txt
newsText3235.txt
newsText3236.txt
newsText3237.txt
newsText3238.txt
newsText3239.txt
newsText3241.txt
newsText3242.txt
newsText3243.txt
newsText3244.txt
newsText3245.txt
newsText3247.txt
newsText3248.txt
newsText3249.txt
newsText3250.txt
newsText3251.txt
newsText3252.txt
newsText3253.txt
newsText3254.txt
newsText3256.txt
newsText3257.txt
newsText3258.txt
newsText3259.txt
newsText3261.txt
newsText3262.txt
newsText3263.txt
newsText3264.txt
newsText3265.txt
newsText3266.txt
newsText3267.txt
newsText3268.txt
newsText3269.txt
newsText3270.txt
newsText3271.txt
newsText3272.txt
newsText3273.txt
newsText3274.txt
newsText3275.txt
newsText3276.txt
newsText3277.txt
newsText3280.txt
newsText3282.txt
newsText3283.txt
newsText3284.txt
newsText3285.txt
newsText3286.txt
newsText3288.txt
newsText3292.txt
newsText3293.txt
newsText3294.txt
newsText3296.txt
newsText3297.txt
newsText3298.txt
newsText3299.txt
newsText3300.txt
newsText3301.txt
newsText3302.txt
newsText3305.txt
newsText3306.txt
newsText3307.txt
newsText3308.txt
newsText3309.txt
newsText3310.txt
newsText3312.txt
newsText3313.txt
newsText3315.txt
newsText3316.txt
newsText3317.txt
newsText3318.txt
newsText3319.txt
newsText3320.txt
newsText3322.txt
newsText3323.txt
newsText3324.txt
newsText3325.txt
newsText3327.txt
newsText3328.txt
newsText3329.txt
newsText3330.txt
newsText3331.txt
newsText3332.txt
newsText3333.txt
newsText3334.txt
newsText3335.txt
newsText3336.txt
newsText3337.txt
newsText3339.txt
newsText3340.txt
newsText3341.txt
newsText3342.txt
newsText3343.txt
newsText3344.txt
newsText3346.txt
newsText3347.txt
newsText3349.txt
newsText3352.txt
newsText3354.txt
newsText3355.txt
newsText3356.txt
newsText3357.txt
newsText3358.txt
newsText3359.txt
newsText3360.txt
newsText3361.txt
newsText3362.txt
newsText3363.txt
newsText3364.txt
newsText3365.txt
newsText3366.txt
newsText3368.txt
newsText3369.txt
newsText3371.txt
newsText3372.txt
newsText3373.txt
newsText3374.txt
newsText3375.txt
newsText3376.txt
newsText3377.txt
newsText3378.txt
newsText3379.txt
newsText3380.txt
newsText3381.txt
newsText3382.txt
newsText3383.txt
newsText3384.txt
newsText3385.txt
newsText3386.txt
newsText3387.txt
newsText3388.txt
newsText3389.txt
newsText3392.txt
newsText3393.txt
newsText3394.txt
newsText3395.txt
newsText3396.txt
newsText3397.txt
newsText3398.txt
newsText3399.txt
newsText3401.txt
newsText3402.txt
newsText3403.txt
newsText3405.txt
newsText3406.txt
newsText3407.txt
newsText3408.txt
newsText3409.txt
newsText3410.txt
newsText3411.txt
newsText3412.txt
newsText3414.txt
newsText3415.txt
newsText3416.txt
newsText3417.txt
newsText3418.txt
newsText3419.txt
newsText3421.txt
newsText3422.txt
newsText3424.txt
newsText3425.txt
newsText3426.txt
newsText3428.txt
newsText3429.txt
newsText3430.txt
newsText3431.txt
newsText3432.txt
newsText3433.txt
newsText3434.txt
newsText3435.txt
newsText3436.txt
newsText3437.txt
newsText3438.txt
newsText3440.txt
newsText3441.txt
newsText3442.txt
newsText3443.txt
newsText3444.txt
newsText3445.txt
newsText3446.txt
newsText3447.txt
newsText3448.txt
newsText3449.txt
newsText3450.txt
newsText3451.txt
newsText3452.txt
newsText3453.txt
newsText3454.txt
newsText3455.txt
newsText3456.txt
newsText3457.txt
newsText3458.txt
newsText3459.txt
newsText3460.txt
newsText3461.txt
newsText3464.txt
newsText3465.txt
newsText3466.txt
newsText3467.txt
newsText3469.txt
newsText3470.txt
newsText3472.txt
newsText3473.txt
newsText3474.txt
newsText3475.txt
newsText3476.txt
newsText3477.txt
newsText3479.txt
newsText3480.txt
newsText3482.txt
newsText3483.txt
newsText3484.txt
newsText3485.txt
newsText3486.txt
newsText3487.txt
newsText3488.txt
newsText3489.txt
newsText3492.txt
newsText3493.txt
newsText3495.txt
newsText3496.txt
newsText3497.txt
newsText3498.txt
newsText3499.txt
newsText3500.txt
newsText3501.txt
newsText3502.txt
newsText3503.txt
newsText3504.txt
newsText3505.txt
newsText3506.txt
newsText3507.txt
newsText3508.txt
newsText3511.txt
newsText3512.txt
newsText3513.txt
newsText3514.txt
newsText3515.txt
newsText3516.txt
newsText3517.txt
newsText3519.txt
newsText3520.txt
newsText3521.txt
newsText3522.txt
newsText3523.txt
newsText3524.txt
newsText3525.txt
newsText3526.txt
newsText3527.txt
newsText3528.txt
newsText3529.txt
newsText3530.txt
newsText3531.txt
newsText3532.txt
newsText3533.txt
newsText3534.txt
newsText3535.txt
newsText3536.txt
newsText3540.txt
newsText3541.txt
newsText3542.txt
newsText3543.txt
newsText3544.txt
newsText3545.txt
newsText3548.txt
newsText3549.txt
newsText3550.txt
newsText3552.txt
newsText3553.txt
newsText3554.txt
newsText3555.txt
newsText3556.txt
newsText3559.txt
newsText3560.txt
newsText3561.txt
newsText3563.txt
newsText3564.txt
newsText3565.txt
newsText3566.txt
newsText3567.txt
newsText3568.txt
newsText3569.txt
newsText3570.txt
newsText3572.txt
newsText3573.txt
newsText3574.txt
newsText3575.txt
newsText3576.txt
newsText3577.txt
newsText3578.txt
newsText3579.txt
newsText3580.txt
newsText3581.txt
newsText3582.txt
newsText3583.txt
newsText3585.txt
newsText3587.txt
newsText3588.txt
newsText3589.txt
newsText3591.txt
newsText3592.txt
newsText3595.txt
newsText3596.txt
newsText3597.txt
newsText3598.txt
newsText3601.txt
newsText3602.txt
newsText3603.txt
newsText3605.txt
newsText3606.txt
newsText3607.txt
newsText3608.txt
newsText3610.txt
newsText3612.txt
newsText3613.txt
newsText3614.txt
newsText3615.txt
newsText3616.txt
newsText3617.txt
newsText3620.txt
newsText3621.txt
newsText3622.txt
newsText3623.txt
newsText3624.txt
newsText3626.txt
newsText3627.txt
newsText3628.txt
newsText3629.txt
newsText3630.txt
newsText3631.txt
newsText3632.txt
newsText3634.txt
newsText3635.txt
newsText3636.txt
newsText3638.txt
newsText3640.txt
newsText3641.txt
newsText3642.txt
newsText3643.txt
newsText3646.txt
newsText3647.txt
newsText3650.txt
newsText3651.txt
newsText3652.txt
newsText3653.txt
newsText3654.txt
newsText3655.txt
newsText3656.txt
newsText3657.txt
newsText3659.txt
