newsText8541.txt
newsText8544.txt
newsText8546.txt
newsText8547.txt
newsText8549.txt
newsText8550.txt
newsText8551.txt
newsText8552.txt
newsText8553.txt
newsText8554.txt
newsText8555.txt
newsText8556.txt
newsText8557.txt
newsText8558.txt
newsText8559.txt
newsText8561.txt
newsText8562.txt
newsText8563.txt
newsText8564.txt
newsText8565.txt
newsText8566.txt
newsText8567.txt
newsText8568.txt
newsText8569.txt
newsText8570.txt
newsText8571.txt
newsText8572.txt
newsText8573.txt
newsText8574.txt
newsText8577.txt
newsText8578.txt
newsText8579.txt
newsText8580.txt
newsText8584.txt
newsText8585.txt
newsText8586.txt
newsText8587.txt
newsText8588.txt
newsText8589.txt
newsText8590.txt
newsText8591.txt
newsText8592.txt
newsText8593.txt
newsText8594.txt
newsText8595.txt
newsText8596.txt
newsText8597.txt
newsText8598.txt
newsText8599.txt
newsText8600.txt
newsText8601.txt
newsText8602.txt
newsText8603.txt
newsText8604.txt
newsText8606.txt
newsText8607.txt
newsText8608.txt
newsText8609.txt
newsText8610.txt
newsText8612.txt
newsText8613.txt
newsText8614.txt
newsText8615.txt
newsText8617.txt
newsText8618.txt
newsText8619.txt
newsText8623.txt
newsText8624.txt
newsText8625.txt
newsText8626.txt
newsText8627.txt
newsText8628.txt
newsText8629.txt
newsText8630.txt
newsText8631.txt
newsText8633.txt
newsText8634.txt
newsText8635.txt
newsText8636.txt
newsText8637.txt
newsText8638.txt
newsText8639.txt
newsText8640.txt
newsText8641.txt
newsText8642.txt
newsText8643.txt
newsText8644.txt
newsText8645.txt
newsText8646.txt
newsText8647.txt
newsText8648.txt
newsText8649.txt
newsText8650.txt
newsText8653.txt
newsText8654.txt
newsText8655.txt
newsText8656.txt
newsText8657.txt
newsText8658.txt
newsText8660.txt
newsText8661.txt
newsText8662.txt
newsText8664.txt
newsText8665.txt
newsText8666.txt
newsText8667.txt
newsText8668.txt
newsText8669.txt
newsText8672.txt
newsText8673.txt
newsText8674.txt
newsText8675.txt
newsText8679.txt
newsText8680.txt
newsText8681.txt
newsText8682.txt
newsText8683.txt
newsText8684.txt
newsText8685.txt
newsText8686.txt
newsText8687.txt
newsText8688.txt
newsText8689.txt
newsText8690.txt
newsText8691.txt
newsText8692.txt
newsText8693.txt
newsText8694.txt
newsText8696.txt
newsText8697.txt
newsText8698.txt
newsText8699.txt
newsText8700.txt
newsText8702.txt
newsText8703.txt
newsText8704.txt
newsText8705.txt
newsText8706.txt
newsText8707.txt
newsText8708.txt
newsText8709.txt
newsText8710.txt
newsText8711.txt
newsText8712.txt
newsText8713.txt
newsText8714.txt
newsText8715.txt
newsText8716.txt
newsText8717.txt
newsText8718.txt
newsText8719.txt
newsText8720.txt
newsText8721.txt
newsText8722.txt
newsText8724.txt
newsText8725.txt
newsText8726.txt
newsText8727.txt
newsText8729.txt
newsText8730.txt
newsText8731.txt
newsText8732.txt
newsText8733.txt
newsText8734.txt
newsText8735.txt
newsText8736.txt
newsText8737.txt
newsText8738.txt
newsText8739.txt
newsText8740.txt
newsText8741.txt
newsText8742.txt
newsText8744.txt
newsText8745.txt
newsText8746.txt
newsText8747.txt
newsText8748.txt
newsText8749.txt
newsText8750.txt
newsText8751.txt
newsText8752.txt
newsText8753.txt
newsText8755.txt
newsText8756.txt
newsText8757.txt
newsText8759.txt
newsText8760.txt
newsText8761.txt
newsText8762.txt
newsText8765.txt
newsText8766.txt
newsText8767.txt
newsText8768.txt
newsText8769.txt
newsText8771.txt
newsText8772.txt
newsText8773.txt
newsText8775.txt
newsText8776.txt
newsText8777.txt
newsText8778.txt
newsText8779.txt
newsText8780.txt
newsText8781.txt
newsText8782.txt
newsText8783.txt
newsText8784.txt
newsText8786.txt
newsText8788.txt
newsText8789.txt
newsText8790.txt
newsText8791.txt
newsText8792.txt
newsText8793.txt
newsText8794.txt
newsText8795.txt
newsText8796.txt
newsText8797.txt
newsText8798.txt
newsText8801.txt
newsText8802.txt
newsText8803.txt
newsText8804.txt
newsText8805.txt
newsText8806.txt
newsText8807.txt
newsText8808.txt
newsText8809.txt
newsText8810.txt
newsText8811.txt
newsText8817.txt
newsText8822.txt
newsText8823.txt
newsText8824.txt
newsText8826.txt
newsText8827.txt
newsText8828.txt
newsText8829.txt
newsText8830.txt
newsText8831.txt
newsText8832.txt
newsText8833.txt
newsText8834.txt
newsText8835.txt
newsText8836.txt
newsText8837.txt
newsText8838.txt
newsText8840.txt
newsText8841.txt
newsText8842.txt
newsText8843.txt
newsText8844.txt
newsText8845.txt
newsText8846.txt
newsText8847.txt
newsText8848.txt
newsText8849.txt
newsText8850.txt
newsText8851.txt
newsText8852.txt
newsText8853.txt
newsText8855.txt
newsText8856.txt
newsText8857.txt
newsText8858.txt
newsText8860.txt
newsText8861.txt
newsText8862.txt
newsText8863.txt
newsText8864.txt
newsText8865.txt
newsText8866.txt
newsText8867.txt
newsText8868.txt
newsText8869.txt
newsText8870.txt
newsText8871.txt
newsText8872.txt
newsText8874.txt
newsText8876.txt
newsText8877.txt
newsText8878.txt
newsText8879.txt
newsText8880.txt
newsText8881.txt
newsText8882.txt
newsText8883.txt
newsText8884.txt
newsText8885.txt
newsText8886.txt
newsText8887.txt
newsText8888.txt
newsText8889.txt
newsText8890.txt
newsText8892.txt
newsText8893.txt
newsText8894.txt
newsText8896.txt
newsText8898.txt
newsText8899.txt
newsText8900.txt
newsText8901.txt
newsText8902.txt
newsText8903.txt
newsText8904.txt
newsText8905.txt
newsText8907.txt
newsText8908.txt
newsText8910.txt
newsText8911.txt
newsText8912.txt
newsText8914.txt
newsText8915.txt
newsText8916.txt
newsText8917.txt
newsText8918.txt
newsText8920.txt
newsText8921.txt
newsText8922.txt
newsText8924.txt
newsText8925.txt
newsText8926.txt
newsText8927.txt
newsText8928.txt
newsText8929.txt
newsText8930.txt
newsText8931.txt
newsText8932.txt
newsText8933.txt
newsText8934.txt
newsText8935.txt
newsText8936.txt
newsText8937.txt
newsText8938.txt
newsText8939.txt
newsText8941.txt
newsText8942.txt
newsText8943.txt
newsText8944.txt
newsText8945.txt
newsText8946.txt
newsText8947.txt
newsText8948.txt
newsText8949.txt
newsText8952.txt
newsText8953.txt
newsText8954.txt
newsText8955.txt
newsText8956.txt
newsText8959.txt
newsText8960.txt
newsText8961.txt
newsText8962.txt
newsText8963.txt
newsText8964.txt
newsText8965.txt
newsText8966.txt
newsText8970.txt
newsText8971.txt
newsText8972.txt
newsText8973.txt
newsText8974.txt
newsText8975.txt
newsText8976.txt
newsText8977.txt
newsText8979.txt
newsText8980.txt
newsText8981.txt
newsText8982.txt
newsText8983.txt
newsText8984.txt
newsText8985.txt
newsText8986.txt
newsText8989.txt
newsText8990.txt
newsText8991.txt
newsText8992.txt
newsText8993.txt
newsText8994.txt
newsText8995.txt
newsText8996.txt
newsText8997.txt
newsText8998.txt
newsText8999.txt
newsText9001.txt
newsText9002.txt
newsText9003.txt
newsText9004.txt
newsText9005.txt
newsText9006.txt
newsText9007.txt
newsText9008.txt
newsText9009.txt
newsText9010.txt
newsText9012.txt
newsText9013.txt
newsText9014.txt
newsText9016.txt
newsText9018.txt
newsText9019.txt
newsText9020.txt
newsText9021.txt
newsText9022.txt
newsText9023.txt
newsText9024.txt
newsText9025.txt
newsText9026.txt
newsText9027.txt
newsText9028.txt
newsText9029.txt
newsText9030.txt
newsText9031.txt
newsText9032.txt
newsText9033.txt
newsText9034.txt
newsText9036.txt
newsText9037.txt
newsText9038.txt
newsText9039.txt
newsText9040.txt
newsText9042.txt
newsText9043.txt
newsText9044.txt
newsText9045.txt
newsText9046.txt
newsText9047.txt
newsText9048.txt
newsText9049.txt
newsText9050.txt
newsText9051.txt
newsText9052.txt
newsText9054.txt
newsText9055.txt
newsText9057.txt
newsText9058.txt
newsText9059.txt
newsText9060.txt
newsText9061.txt
newsText9062.txt
newsText9063.txt
newsText9064.txt
newsText9067.txt
newsText9068.txt
newsText9069.txt
newsText9070.txt
newsText9073.txt
newsText9074.txt
newsText9076.txt
newsText9077.txt
newsText9078.txt
newsText9081.txt
newsText9082.txt
newsText9083.txt
newsText9084.txt
newsText9085.txt
newsText9086.txt
newsText9087.txt
newsText9088.txt
newsText9089.txt
newsText9090.txt
newsText9091.txt
newsText9093.txt
newsText9094.txt
newsText9095.txt
newsText9096.txt
newsText9097.txt
newsText9098.txt
newsText9099.txt
newsText9100.txt
newsText9101.txt
newsText9102.txt
newsText9103.txt
newsText9104.txt
newsText9106.txt
newsText9108.txt
newsText9110.txt
newsText9111.txt
newsText9113.txt
newsText9114.txt
newsText9115.txt
newsText9116.txt
newsText9117.txt
newsText9121.txt
newsText9122.txt
newsText9123.txt
newsText9124.txt
newsText9125.txt
newsText9126.txt
newsText9127.txt
newsText9128.txt
newsText9130.txt
newsText9131.txt
newsText9133.txt
newsText9136.txt
newsText9138.txt
newsText9140.txt
newsText9141.txt
newsText9142.txt
newsText9143.txt
newsText9144.txt
newsText9145.txt
newsText9147.txt
newsText9148.txt
newsText9149.txt
newsText9150.txt
