newsText4882.txt
newsText4883.txt
newsText4884.txt
newsText4885.txt
newsText4886.txt
newsText4887.txt
newsText4888.txt
newsText4889.txt
newsText4890.txt
newsText4891.txt
newsText4892.txt
newsText4893.txt
newsText4894.txt
newsText4896.txt
newsText4897.txt
newsText4899.txt
newsText4901.txt
newsText4902.txt
newsText4903.txt
newsText4904.txt
newsText4905.txt
newsText4907.txt
newsText4908.txt
newsText4909.txt
newsText4911.txt
newsText4913.txt
newsText4914.txt
newsText4915.txt
newsText4916.txt
newsText4917.txt
newsText4918.txt
newsText4919.txt
newsText4920.txt
newsText4923.txt
newsText4925.txt
newsText4927.txt
newsText4929.txt
newsText4930.txt
newsText4931.txt
newsText4932.txt
newsText4933.txt
newsText4934.txt
newsText4936.txt
newsText4938.txt
newsText4939.txt
newsText4940.txt
newsText4941.txt
newsText4942.txt
newsText4943.txt
newsText4944.txt
newsText4946.txt
newsText4947.txt
newsText4951.txt
newsText4952.txt
newsText4953.txt
newsText4954.txt
newsText4955.txt
newsText4956.txt
newsText4957.txt
newsText4959.txt
newsText4960.txt
newsText4962.txt
newsText4963.txt
newsText4964.txt
newsText4965.txt
newsText4966.txt
newsText4967.txt
newsText4968.txt
newsText4969.txt
newsText4970.txt
newsText4971.txt
newsText4972.txt
newsText4974.txt
newsText4975.txt
newsText4976.txt
newsText4977.txt
newsText4978.txt
newsText4979.txt
newsText4980.txt
newsText4981.txt
newsText4983.txt
newsText4984.txt
newsText4985.txt
newsText4986.txt
newsText4987.txt
newsText4988.txt
newsText4989.txt
newsText4990.txt
newsText4991.txt
newsText4992.txt
newsText4993.txt
newsText4994.txt
newsText4995.txt
newsText4996.txt
newsText4997.txt
newsText4999.txt
newsText5000.txt
newsText5001.txt
newsText5002.txt
newsText5003.txt
newsText5004.txt
newsText5005.txt
newsText5006.txt
newsText5007.txt
newsText5008.txt
newsText5009.txt
newsText5010.txt
newsText5011.txt
newsText5012.txt
newsText5013.txt
newsText5014.txt
newsText5015.txt
newsText5016.txt
newsText5017.txt
newsText5018.txt
newsText5019.txt
newsText5020.txt
newsText5021.txt
newsText5022.txt
newsText5025.txt
newsText5027.txt
newsText5028.txt
newsText5029.txt
newsText5030.txt
newsText5031.txt
newsText5032.txt
newsText5033.txt
newsText5035.txt
newsText5036.txt
newsText5038.txt
newsText5039.txt
newsText5040.txt
newsText5041.txt
newsText5043.txt
newsText5044.txt
newsText5046.txt
newsText5048.txt
newsText5049.txt
newsText5050.txt
newsText5051.txt
newsText5052.txt
newsText5053.txt
newsText5054.txt
newsText5055.txt
newsText5056.txt
newsText5058.txt
newsText5059.txt
newsText5060.txt
newsText5061.txt
newsText5062.txt
newsText5063.txt
newsText5064.txt
newsText5065.txt
newsText5066.txt
newsText5067.txt
newsText5068.txt
newsText5069.txt
newsText5070.txt
newsText5071.txt
newsText5072.txt
newsText5074.txt
newsText5075.txt
newsText5076.txt
newsText5077.txt
newsText5078.txt
newsText5079.txt
newsText5081.txt
newsText5082.txt
newsText5083.txt
newsText5085.txt
newsText5086.txt
newsText5087.txt
newsText5088.txt
newsText5089.txt
newsText5091.txt
newsText5092.txt
newsText5093.txt
newsText5095.txt
newsText5096.txt
newsText5097.txt
newsText5098.txt
newsText5099.txt
newsText5101.txt
newsText5102.txt
newsText5103.txt
newsText5105.txt
newsText5106.txt
newsText5107.txt
newsText5108.txt
newsText5109.txt
newsText5110.txt
newsText5111.txt
newsText5112.txt
newsText5113.txt
newsText5114.txt
newsText5116.txt
newsText5118.txt
newsText5119.txt
newsText5120.txt
newsText5121.txt
newsText5122.txt
newsText5123.txt
newsText5124.txt
newsText5125.txt
newsText5126.txt
newsText5128.txt
newsText5129.txt
newsText5130.txt
newsText5131.txt
newsText5133.txt
newsText5134.txt
newsText5136.txt
newsText5137.txt
newsText5138.txt
newsText5139.txt
newsText5140.txt
newsText5141.txt
newsText5144.txt
newsText5145.txt
newsText5146.txt
newsText5147.txt
newsText5148.txt
newsText5150.txt
newsText5152.txt
newsText5153.txt
newsText5154.txt
newsText5156.txt
newsText5157.txt
newsText5158.txt
newsText5159.txt
newsText5160.txt
newsText5161.txt
newsText5162.txt
newsText5163.txt
newsText5164.txt
newsText5165.txt
newsText5166.txt
newsText5167.txt
newsText5168.txt
newsText5169.txt
newsText5171.txt
newsText5173.txt
newsText5174.txt
newsText5176.txt
newsText5177.txt
newsText5179.txt
newsText5180.txt
newsText5181.txt
newsText5182.txt
newsText5184.txt
newsText5187.txt
newsText5188.txt
newsText5189.txt
newsText5190.txt
newsText5191.txt
newsText5192.txt
newsText5193.txt
newsText5195.txt
newsText5196.txt
newsText5197.txt
newsText5198.txt
newsText5201.txt
newsText5202.txt
newsText5203.txt
newsText5204.txt
newsText5205.txt
newsText5206.txt
newsText5207.txt
newsText5208.txt
newsText5210.txt
newsText5211.txt
newsText5212.txt
newsText5213.txt
newsText5214.txt
newsText5215.txt
newsText5216.txt
newsText5217.txt
newsText5218.txt
newsText5219.txt
newsText5221.txt
newsText5222.txt
newsText5223.txt
newsText5224.txt
newsText5225.txt
newsText5226.txt
newsText5229.txt
newsText5231.txt
newsText5232.txt
newsText5236.txt
newsText5237.txt
newsText5238.txt
newsText5239.txt
newsText5240.txt
newsText5242.txt
newsText5243.txt
newsText5244.txt
newsText5245.txt
newsText5250.txt
newsText5251.txt
newsText5252.txt
newsText5253.txt
newsText5255.txt
newsText5256.txt
newsText5257.txt
newsText5258.txt
newsText5259.txt
newsText5260.txt
newsText5261.txt
newsText5262.txt
newsText5264.txt
newsText5265.txt
newsText5266.txt
newsText5267.txt
newsText5269.txt
newsText5270.txt
newsText5271.txt
newsText5272.txt
newsText5274.txt
newsText5275.txt
newsText5276.txt
newsText5277.txt
newsText5278.txt
newsText5279.txt
newsText5280.txt
newsText5281.txt
newsText5282.txt
newsText5283.txt
newsText5284.txt
newsText5286.txt
newsText5287.txt
newsText5288.txt
newsText5289.txt
newsText5290.txt
newsText5291.txt
newsText5292.txt
newsText5293.txt
newsText5294.txt
newsText5295.txt
newsText5296.txt
newsText5297.txt
newsText5298.txt
newsText5299.txt
newsText5300.txt
newsText5301.txt
newsText5302.txt
newsText5303.txt
newsText5305.txt
newsText5306.txt
newsText5307.txt
newsText5308.txt
newsText5309.txt
newsText5312.txt
newsText5313.txt
newsText5315.txt
newsText5316.txt
newsText5317.txt
newsText5318.txt
newsText5319.txt
newsText5320.txt
newsText5321.txt
newsText5322.txt
newsText5323.txt
newsText5325.txt
newsText5326.txt
newsText5327.txt
newsText5328.txt
newsText5329.txt
newsText5330.txt
newsText5331.txt
newsText5332.txt
newsText5333.txt
newsText5334.txt
newsText5336.txt
newsText5337.txt
newsText5338.txt
newsText5339.txt
newsText5342.txt
newsText5343.txt
newsText5344.txt
newsText5345.txt
newsText5346.txt
newsText5348.txt
newsText5349.txt
newsText5350.txt
newsText5351.txt
newsText5353.txt
newsText5354.txt
newsText5355.txt
newsText5356.txt
newsText5357.txt
newsText5358.txt
newsText5360.txt
newsText5362.txt
newsText5363.txt
newsText5364.txt
newsText5366.txt
newsText5367.txt
newsText5369.txt
newsText5370.txt
newsText5371.txt
newsText5372.txt
newsText5373.txt
newsText5374.txt
newsText5376.txt
newsText5377.txt
newsText5378.txt
newsText5379.txt
newsText5380.txt
newsText5381.txt
newsText5382.txt
newsText5383.txt
newsText5384.txt
newsText5385.txt
newsText5387.txt
newsText5388.txt
newsText5389.txt
newsText5390.txt
newsText5391.txt
newsText5393.txt
newsText5394.txt
newsText5396.txt
newsText5397.txt
newsText5398.txt
newsText5399.txt
newsText5400.txt
newsText5401.txt
newsText5402.txt
newsText5404.txt
newsText5405.txt
newsText5406.txt
newsText5407.txt
newsText5408.txt
newsText5409.txt
newsText5410.txt
newsText5411.txt
newsText5412.txt
newsText5413.txt
newsText5416.txt
newsText5417.txt
newsText5418.txt
newsText5419.txt
newsText5420.txt
newsText5421.txt
newsText5422.txt
newsText5424.txt
newsText5425.txt
newsText5428.txt
newsText5429.txt
newsText5430.txt
newsText5431.txt
newsText5434.txt
newsText5436.txt
newsText5437.txt
newsText5438.txt
newsText5440.txt
newsText5441.txt
newsText5442.txt
newsText5444.txt
newsText5445.txt
newsText5446.txt
newsText5448.txt
newsText5449.txt
newsText5450.txt
newsText5453.txt
newsText5454.txt
newsText5455.txt
newsText5457.txt
newsText5458.txt
newsText5459.txt
newsText5460.txt
newsText5461.txt
newsText5463.txt
newsText5464.txt
newsText5465.txt
newsText5466.txt
newsText5467.txt
newsText5468.txt
newsText5469.txt
newsText5471.txt
newsText5472.txt
newsText5474.txt
newsText5475.txt
newsText5476.txt
newsText5477.txt
newsText5478.txt
newsText5479.txt
newsText5480.txt
newsText5481.txt
newsText5482.txt
newsText5483.txt
newsText5484.txt
newsText5485.txt
newsText5486.txt
newsText5487.txt
newsText5488.txt
newsText5489.txt
newsText5490.txt
