newsText7931.txt
newsText7932.txt
newsText7933.txt
newsText7934.txt
newsText7935.txt
newsText7936.txt
newsText7937.txt
newsText7938.txt
newsText7940.txt
newsText7941.txt
newsText7942.txt
newsText7943.txt
newsText7944.txt
newsText7945.txt
newsText7946.txt
newsText7948.txt
newsText7950.txt
newsText7951.txt
newsText7952.txt
newsText7953.txt
newsText7954.txt
newsText7956.txt
newsText7957.txt
newsText7960.txt
newsText7961.txt
newsText7962.txt
newsText7963.txt
newsText7964.txt
newsText7965.txt
newsText7966.txt
newsText7967.txt
newsText7968.txt
newsText7969.txt
newsText7971.txt
newsText7972.txt
newsText7973.txt
newsText7974.txt
newsText7975.txt
newsText7977.txt
newsText7978.txt
newsText7979.txt
newsText7980.txt
newsText7981.txt
newsText7982.txt
newsText7983.txt
newsText7984.txt
newsText7985.txt
newsText7986.txt
newsText7987.txt
newsText7988.txt
newsText7989.txt
newsText7990.txt
newsText7991.txt
newsText7992.txt
newsText7993.txt
newsText7995.txt
newsText7996.txt
newsText7997.txt
newsText7999.txt
newsText8000.txt
newsText8001.txt
newsText8002.txt
newsText8003.txt
newsText8004.txt
newsText8005.txt
newsText8006.txt
newsText8008.txt
newsText8009.txt
newsText8010.txt
newsText8011.txt
newsText8012.txt
newsText8013.txt
newsText8014.txt
newsText8015.txt
newsText8016.txt
newsText8017.txt
newsText8019.txt
newsText8021.txt
newsText8022.txt
newsText8023.txt
newsText8024.txt
newsText8025.txt
newsText8026.txt
newsText8027.txt
newsText8028.txt
newsText8029.txt
newsText8031.txt
newsText8032.txt
newsText8033.txt
newsText8036.txt
newsText8037.txt
newsText8038.txt
newsText8039.txt
newsText8040.txt
newsText8041.txt
newsText8043.txt
newsText8044.txt
newsText8045.txt
newsText8046.txt
newsText8048.txt
newsText8049.txt
newsText8050.txt
newsText8051.txt
newsText8053.txt
newsText8054.txt
newsText8055.txt
newsText8056.txt
newsText8057.txt
newsText8058.txt
newsText8059.txt
newsText8060.txt
newsText8062.txt
newsText8063.txt
newsText8066.txt
newsText8067.txt
newsText8068.txt
newsText8069.txt
newsText8070.txt
newsText8071.txt
newsText8072.txt
newsText8073.txt
newsText8074.txt
newsText8075.txt
newsText8076.txt
newsText8077.txt
newsText8078.txt
newsText8079.txt
newsText8080.txt
newsText8081.txt
newsText8082.txt
newsText8083.txt
newsText8084.txt
newsText8085.txt
newsText8086.txt
newsText8087.txt
newsText8088.txt
newsText8089.txt
newsText8090.txt
newsText8091.txt
newsText8092.txt
newsText8093.txt
newsText8094.txt
newsText8095.txt
newsText8096.txt
newsText8097.txt
newsText8098.txt
newsText8099.txt
newsText8100.txt
newsText8101.txt
newsText8102.txt
newsText8103.txt
newsText8104.txt
newsText8105.txt
newsText8106.txt
newsText8107.txt
newsText8108.txt
newsText8109.txt
newsText8112.txt
newsText8113.txt
newsText8114.txt
newsText8115.txt
newsText8116.txt
newsText8118.txt
newsText8119.txt
newsText8120.txt
newsText8122.txt
newsText8123.txt
newsText8124.txt
newsText8127.txt
newsText8128.txt
newsText8129.txt
newsText8130.txt
newsText8133.txt
newsText8134.txt
newsText8135.txt
newsText8136.txt
newsText8137.txt
newsText8140.txt
newsText8141.txt
newsText8142.txt
newsText8143.txt
newsText8144.txt
newsText8145.txt
newsText8146.txt
newsText8148.txt
newsText8149.txt
newsText8150.txt
newsText8151.txt
newsText8152.txt
newsText8153.txt
newsText8154.txt
newsText8155.txt
newsText8156.txt
newsText8157.txt
newsText8158.txt
newsText8159.txt
newsText8160.txt
newsText8161.txt
newsText8162.txt
newsText8163.txt
newsText8164.txt
newsText8166.txt
newsText8167.txt
newsText8169.txt
newsText8170.txt
newsText8171.txt
newsText8172.txt
newsText8173.txt
newsText8174.txt
newsText8175.txt
newsText8176.txt
newsText8177.txt
newsText8178.txt
newsText8179.txt
newsText8180.txt
newsText8181.txt
newsText8182.txt
newsText8183.txt
newsText8184.txt
newsText8186.txt
newsText8187.txt
newsText8188.txt
newsText8189.txt
newsText8190.txt
newsText8191.txt
newsText8192.txt
newsText8193.txt
newsText8194.txt
newsText8196.txt
newsText8197.txt
newsText8198.txt
newsText8199.txt
newsText8200.txt
newsText8201.txt
newsText8202.txt
newsText8203.txt
newsText8204.txt
newsText8206.txt
newsText8207.txt
newsText8209.txt
newsText8210.txt
newsText8211.txt
newsText8212.txt
newsText8213.txt
newsText8214.txt
newsText8215.txt
newsText8217.txt
newsText8218.txt
newsText8219.txt
newsText8220.txt
newsText8221.txt
newsText8222.txt
newsText8223.txt
newsText8224.txt
newsText8225.txt
newsText8226.txt
newsText8227.txt
newsText8228.txt
newsText8229.txt
newsText8230.txt
newsText8231.txt
newsText8232.txt
newsText8234.txt
newsText8235.txt
newsText8236.txt
newsText8237.txt
newsText8238.txt
newsText8239.txt
newsText8240.txt
newsText8241.txt
newsText8243.txt
newsText8244.txt
newsText8246.txt
newsText8247.txt
newsText8248.txt
newsText8249.txt
newsText8250.txt
newsText8251.txt
newsText8252.txt
newsText8253.txt
newsText8254.txt
newsText8255.txt
newsText8256.txt
newsText8257.txt
newsText8258.txt
newsText8259.txt
newsText8260.txt
newsText8261.txt
newsText8262.txt
newsText8263.txt
newsText8264.txt
newsText8266.txt
newsText8267.txt
newsText8269.txt
newsText8270.txt
newsText8271.txt
newsText8272.txt
newsText8273.txt
newsText8274.txt
newsText8275.txt
newsText8276.txt
newsText8277.txt
newsText8279.txt
newsText8280.txt
newsText8281.txt
newsText8282.txt
newsText8283.txt
newsText8284.txt
newsText8285.txt
newsText8286.txt
newsText8287.txt
newsText8288.txt
newsText8289.txt
newsText8290.txt
newsText8291.txt
newsText8292.txt
newsText8293.txt
newsText8294.txt
newsText8295.txt
newsText8296.txt
newsText8297.txt
newsText8298.txt
newsText8299.txt
newsText8300.txt
newsText8301.txt
newsText8302.txt
newsText8303.txt
newsText8304.txt
newsText8305.txt
newsText8309.txt
newsText8310.txt
newsText8312.txt
newsText8315.txt
newsText8321.txt
newsText8322.txt
newsText8323.txt
newsText8324.txt
newsText8325.txt
newsText8326.txt
newsText8327.txt
newsText8330.txt
newsText8331.txt
newsText8332.txt
newsText8333.txt
newsText8334.txt
newsText8335.txt
newsText8338.txt
newsText8339.txt
newsText8341.txt
newsText8342.txt
newsText8343.txt
newsText8344.txt
newsText8345.txt
newsText8346.txt
newsText8347.txt
newsText8348.txt
newsText8350.txt
newsText8351.txt
newsText8352.txt
newsText8353.txt
newsText8355.txt
newsText8356.txt
newsText8357.txt
newsText8358.txt
newsText8360.txt
newsText8362.txt
newsText8363.txt
newsText8364.txt
newsText8365.txt
newsText8366.txt
newsText8368.txt
newsText8369.txt
newsText8372.txt
newsText8373.txt
newsText8374.txt
newsText8375.txt
newsText8377.txt
newsText8378.txt
newsText8379.txt
newsText8380.txt
newsText8381.txt
newsText8382.txt
newsText8383.txt
newsText8384.txt
newsText8386.txt
newsText8389.txt
newsText8390.txt
newsText8391.txt
newsText8392.txt
newsText8395.txt
newsText8397.txt
newsText8398.txt
newsText8399.txt
newsText8400.txt
newsText8403.txt
newsText8404.txt
newsText8405.txt
newsText8406.txt
newsText8407.txt
newsText8408.txt
newsText8410.txt
newsText8412.txt
newsText8414.txt
newsText8416.txt
newsText8417.txt
newsText8418.txt
newsText8419.txt
newsText8421.txt
newsText8424.txt
newsText8426.txt
newsText8427.txt
newsText8428.txt
newsText8429.txt
newsText8430.txt
newsText8431.txt
newsText8432.txt
newsText8434.txt
newsText8435.txt
newsText8436.txt
newsText8437.txt
newsText8439.txt
newsText8440.txt
newsText8441.txt
newsText8442.txt
newsText8443.txt
newsText8444.txt
newsText8445.txt
newsText8446.txt
newsText8447.txt
newsText8448.txt
newsText8450.txt
newsText8451.txt
newsText8452.txt
newsText8453.txt
newsText8454.txt
newsText8456.txt
newsText8457.txt
newsText8459.txt
newsText8460.txt
newsText8461.txt
newsText8462.txt
newsText8463.txt
newsText8464.txt
newsText8465.txt
newsText8466.txt
newsText8467.txt
newsText8468.txt
newsText8470.txt
newsText8471.txt
newsText8472.txt
newsText8473.txt
newsText8474.txt
newsText8475.txt
newsText8476.txt
newsText8477.txt
newsText8478.txt
newsText8479.txt
newsText8481.txt
newsText8482.txt
newsText8484.txt
newsText8485.txt
newsText8486.txt
newsText8487.txt
newsText8488.txt
newsText8489.txt
newsText8490.txt
newsText8491.txt
newsText8492.txt
newsText8493.txt
newsText8495.txt
newsText8496.txt
newsText8497.txt
newsText8498.txt
newsText8499.txt
newsText8500.txt
newsText8501.txt
newsText8502.txt
newsText8503.txt
newsText8504.txt
newsText8505.txt
newsText8506.txt
newsText8507.txt
newsText8509.txt
newsText8511.txt
newsText8513.txt
newsText8514.txt
newsText8517.txt
newsText8518.txt
newsText8519.txt
newsText8520.txt
newsText8521.txt
newsText8523.txt
newsText8524.txt
newsText8525.txt
newsText8527.txt
newsText8528.txt
newsText8529.txt
newsText8530.txt
newsText8531.txt
newsText8532.txt
newsText8533.txt
newsText8534.txt
newsText8535.txt
newsText8536.txt
newsText8537.txt
newsText8538.txt
newsText8539.txt
newsText8540.txt
