newsText6101.txt
newsText6102.txt
newsText6103.txt
newsText6104.txt
newsText6105.txt
newsText6106.txt
newsText6107.txt
newsText6108.txt
newsText6109.txt
newsText6110.txt
newsText6111.txt
newsText6112.txt
newsText6113.txt
newsText6115.txt
newsText6116.txt
newsText6117.txt
newsText6118.txt
newsText6119.txt
newsText6120.txt
newsText6121.txt
newsText6122.txt
newsText6123.txt
newsText6124.txt
newsText6125.txt
newsText6126.txt
newsText6127.txt
newsText6128.txt
newsText6129.txt
newsText6130.txt
newsText6131.txt
newsText6133.txt
newsText6134.txt
newsText6135.txt
newsText6136.txt
newsText6138.txt
newsText6139.txt
newsText6140.txt
newsText6141.txt
newsText6143.txt
newsText6144.txt
newsText6145.txt
newsText6146.txt
newsText6147.txt
newsText6149.txt
newsText6150.txt
newsText6151.txt
newsText6152.txt
newsText6155.txt
newsText6156.txt
newsText6157.txt
newsText6158.txt
newsText6161.txt
newsText6162.txt
newsText6163.txt
newsText6164.txt
newsText6166.txt
newsText6168.txt
newsText6169.txt
newsText6170.txt
newsText6171.txt
newsText6172.txt
newsText6173.txt
newsText6174.txt
newsText6176.txt
newsText6177.txt
newsText6178.txt
newsText6179.txt
newsText6180.txt
newsText6181.txt
newsText6182.txt
newsText6183.txt
newsText6184.txt
newsText6185.txt
newsText6186.txt
newsText6187.txt
newsText6188.txt
newsText6189.txt
newsText6190.txt
newsText6191.txt
newsText6193.txt
newsText6194.txt
newsText6195.txt
newsText6196.txt
newsText6197.txt
newsText6198.txt
newsText6199.txt
newsText6200.txt
newsText6201.txt
newsText6202.txt
newsText6203.txt
newsText6204.txt
newsText6205.txt
newsText6206.txt
newsText6207.txt
newsText6208.txt
newsText6209.txt
newsText6211.txt
newsText6212.txt
newsText6213.txt
newsText6214.txt
newsText6216.txt
newsText6217.txt
newsText6218.txt
newsText6219.txt
newsText6220.txt
newsText6221.txt
newsText6222.txt
newsText6224.txt
newsText6225.txt
newsText6226.txt
newsText6227.txt
newsText6228.txt
newsText6231.txt
newsText6232.txt
newsText6234.txt
newsText6236.txt
newsText6240.txt
newsText6241.txt
newsText6242.txt
newsText6243.txt
newsText6245.txt
newsText6246.txt
newsText6247.txt
newsText6251.txt
newsText6252.txt
newsText6253.txt
newsText6254.txt
newsText6255.txt
newsText6256.txt
newsText6257.txt
newsText6258.txt
newsText6259.txt
newsText6260.txt
newsText6261.txt
newsText6262.txt
newsText6263.txt
newsText6265.txt
newsText6266.txt
newsText6267.txt
newsText6268.txt
newsText6269.txt
newsText6270.txt
newsText6273.txt
newsText6274.txt
newsText6275.txt
newsText6276.txt
newsText6278.txt
newsText6279.txt
newsText6280.txt
newsText6281.txt
newsText6284.txt
newsText6285.txt
newsText6286.txt
newsText6287.txt
newsText6288.txt
newsText6289.txt
newsText6290.txt
newsText6291.txt
newsText6292.txt
newsText6293.txt
newsText6295.txt
newsText6296.txt
newsText6297.txt
newsText6298.txt
newsText6299.txt
newsText6300.txt
newsText6301.txt
newsText6302.txt
newsText6303.txt
newsText6304.txt
newsText6308.txt
newsText6309.txt
newsText6310.txt
newsText6312.txt
newsText6313.txt
newsText6316.txt
newsText6317.txt
newsText6318.txt
newsText6319.txt
newsText6320.txt
newsText6321.txt
newsText6322.txt
newsText6323.txt
newsText6324.txt
newsText6325.txt
newsText6326.txt
newsText6327.txt
newsText6328.txt
newsText6329.txt
newsText6330.txt
newsText6331.txt
newsText6332.txt
newsText6333.txt
newsText6334.txt
newsText6335.txt
newsText6336.txt
newsText6337.txt
newsText6338.txt
newsText6339.txt
newsText6340.txt
newsText6342.txt
newsText6343.txt
newsText6344.txt
newsText6345.txt
newsText6346.txt
newsText6348.txt
newsText6349.txt
newsText6350.txt
newsText6353.txt
newsText6354.txt
newsText6355.txt
newsText6357.txt
newsText6358.txt
newsText6359.txt
newsText6360.txt
newsText6361.txt
newsText6362.txt
newsText6363.txt
newsText6364.txt
newsText6365.txt
newsText6366.txt
newsText6372.txt
newsText6373.txt
newsText6374.txt
newsText6375.txt
newsText6376.txt
newsText6380.txt
newsText6381.txt
newsText6383.txt
newsText6384.txt
newsText6385.txt
newsText6386.txt
newsText6387.txt
newsText6388.txt
newsText6390.txt
newsText6391.txt
newsText6393.txt
newsText6394.txt
newsText6396.txt
newsText6397.txt
newsText6398.txt
newsText6400.txt
newsText6401.txt
newsText6403.txt
newsText6404.txt
newsText6405.txt
newsText6406.txt
newsText6407.txt
newsText6408.txt
newsText6409.txt
newsText6410.txt
newsText6411.txt
newsText6413.txt
newsText6414.txt
newsText6415.txt
newsText6416.txt
newsText6417.txt
newsText6418.txt
newsText6419.txt
newsText6420.txt
newsText6422.txt
newsText6423.txt
newsText6424.txt
newsText6425.txt
newsText6426.txt
newsText6427.txt
newsText6428.txt
newsText6429.txt
newsText6430.txt
newsText6431.txt
newsText6432.txt
newsText6433.txt
newsText6434.txt
newsText6436.txt
newsText6438.txt
newsText6442.txt
newsText6443.txt
newsText6444.txt
newsText6446.txt
newsText6447.txt
newsText6449.txt
newsText6450.txt
newsText6451.txt
newsText6452.txt
newsText6453.txt
newsText6454.txt
newsText6456.txt
newsText6457.txt
newsText6458.txt
newsText6459.txt
newsText6460.txt
newsText6461.txt
newsText6462.txt
newsText6464.txt
newsText6465.txt
newsText6468.txt
newsText6469.txt
newsText6470.txt
newsText6471.txt
newsText6472.txt
newsText6473.txt
newsText6474.txt
newsText6475.txt
newsText6476.txt
newsText6477.txt
newsText6478.txt
newsText6479.txt
newsText6480.txt
newsText6481.txt
newsText6483.txt
newsText6484.txt
newsText6485.txt
newsText6487.txt
newsText6488.txt
newsText6489.txt
newsText6490.txt
newsText6491.txt
newsText6492.txt
newsText6493.txt
newsText6494.txt
newsText6495.txt
newsText6496.txt
newsText6497.txt
newsText6498.txt
newsText6499.txt
newsText6501.txt
newsText6502.txt
newsText6503.txt
newsText6504.txt
newsText6505.txt
newsText6506.txt
newsText6508.txt
newsText6510.txt
newsText6511.txt
newsText6513.txt
newsText6514.txt
newsText6515.txt
newsText6516.txt
newsText6518.txt
newsText6519.txt
newsText6520.txt
newsText6521.txt
newsText6523.txt
newsText6525.txt
newsText6526.txt
newsText6528.txt
newsText6529.txt
newsText6530.txt
newsText6531.txt
newsText6532.txt
newsText6533.txt
newsText6534.txt
newsText6535.txt
newsText6536.txt
newsText6537.txt
newsText6539.txt
newsText6540.txt
newsText6541.txt
newsText6543.txt
newsText6544.txt
newsText6545.txt
newsText6546.txt
newsText6548.txt
newsText6549.txt
newsText6550.txt
newsText6551.txt
newsText6552.txt
newsText6553.txt
newsText6554.txt
newsText6556.txt
newsText6557.txt
newsText6558.txt
newsText6559.txt
newsText6560.txt
newsText6563.txt
newsText6564.txt
newsText6565.txt
newsText6566.txt
newsText6567.txt
newsText6568.txt
newsText6569.txt
newsText6570.txt
newsText6571.txt
newsText6572.txt
newsText6573.txt
newsText6574.txt
newsText6575.txt
newsText6576.txt
newsText6577.txt
newsText6578.txt
newsText6579.txt
newsText6582.txt
newsText6583.txt
newsText6584.txt
newsText6585.txt
newsText6588.txt
newsText6589.txt
newsText6590.txt
newsText6591.txt
newsText6592.txt
newsText6593.txt
newsText6594.txt
newsText6595.txt
newsText6596.txt
newsText6597.txt
newsText6598.txt
newsText6600.txt
newsText6601.txt
newsText6602.txt
newsText6603.txt
newsText6604.txt
newsText6605.txt
newsText6606.txt
newsText6607.txt
newsText6608.txt
newsText6609.txt
newsText6610.txt
newsText6611.txt
newsText6612.txt
newsText6613.txt
newsText6614.txt
newsText6615.txt
newsText6616.txt
newsText6617.txt
newsText6618.txt
newsText6619.txt
newsText6620.txt
newsText6621.txt
newsText6622.txt
newsText6623.txt
newsText6624.txt
newsText6625.txt
newsText6626.txt
newsText6627.txt
newsText6628.txt
newsText6629.txt
newsText6630.txt
newsText6631.txt
newsText6633.txt
newsText6634.txt
newsText6635.txt
newsText6636.txt
newsText6637.txt
newsText6638.txt
newsText6639.txt
newsText6640.txt
newsText6641.txt
newsText6642.txt
newsText6643.txt
newsText6644.txt
newsText6645.txt
newsText6646.txt
newsText6647.txt
newsText6649.txt
newsText6651.txt
newsText6654.txt
newsText6655.txt
newsText6656.txt
newsText6657.txt
newsText6658.txt
newsText6659.txt
newsText6660.txt
newsText6661.txt
newsText6662.txt
newsText6663.txt
newsText6664.txt
newsText6667.txt
newsText6668.txt
newsText6669.txt
newsText6670.txt
newsText6671.txt
newsText6672.txt
newsText6673.txt
newsText6674.txt
newsText6675.txt
newsText6676.txt
newsText6677.txt
newsText6678.txt
newsText6679.txt
newsText6680.txt
newsText6682.txt
newsText6683.txt
newsText6684.txt
newsText6685.txt
newsText6686.txt
newsText6688.txt
newsText6689.txt
newsText6690.txt
newsText6691.txt
newsText6692.txt
newsText6693.txt
newsText6694.txt
newsText6695.txt
newsText6697.txt
newsText6698.txt
newsText6699.txt
newsText6700.txt
newsText6701.txt
newsText6702.txt
newsText6703.txt
newsText6704.txt
newsText6705.txt
newsText6706.txt
newsText6707.txt
newsText6709.txt
newsText6710.txt
