newsText9151.txt
newsText9152.txt
newsText9155.txt
newsText9156.txt
newsText9157.txt
newsText9158.txt
newsText9159.txt
newsText9162.txt
newsText9163.txt
newsText9164.txt
newsText9166.txt
newsText9169.txt
newsText9170.txt
newsText9171.txt
newsText9172.txt
newsText9173.txt
newsText9174.txt
newsText9175.txt
newsText9176.txt
newsText9177.txt
newsText9179.txt
newsText9180.txt
newsText9181.txt
newsText9182.txt
newsText9184.txt
newsText9185.txt
newsText9188.txt
newsText9189.txt
newsText9191.txt
newsText9192.txt
newsText9193.txt
newsText9194.txt
newsText9196.txt
newsText9197.txt
newsText9199.txt
newsText9200.txt
newsText9201.txt
newsText9202.txt
newsText9203.txt
newsText9204.txt
newsText9205.txt
newsText9206.txt
newsText9207.txt
newsText9208.txt
newsText9210.txt
newsText9211.txt
newsText9212.txt
newsText9213.txt
newsText9214.txt
newsText9216.txt
newsText9217.txt
newsText9218.txt
newsText9219.txt
newsText9220.txt
newsText9221.txt
newsText9222.txt
newsText9223.txt
newsText9224.txt
newsText9225.txt
newsText9226.txt
newsText9227.txt
newsText9228.txt
newsText9229.txt
newsText9230.txt
newsText9231.txt
newsText9232.txt
newsText9234.txt
newsText9235.txt
newsText9236.txt
newsText9237.txt
newsText9238.txt
newsText9239.txt
newsText9240.txt
newsText9241.txt
newsText9242.txt
newsText9243.txt
newsText9244.txt
newsText9245.txt
newsText9247.txt
newsText9249.txt
newsText9250.txt
newsText9251.txt
newsText9252.txt
newsText9253.txt
newsText9254.txt
newsText9255.txt
newsText9256.txt
newsText9257.txt
newsText9258.txt
newsText9259.txt
newsText9260.txt
newsText9261.txt
newsText9262.txt
newsText9263.txt
newsText9264.txt
newsText9265.txt
newsText9266.txt
newsText9267.txt
newsText9269.txt
newsText9270.txt
newsText9273.txt
newsText9275.txt
newsText9276.txt
newsText9277.txt
newsText9278.txt
newsText9279.txt
newsText9280.txt
newsText9281.txt
newsText9282.txt
newsText9283.txt
newsText9284.txt
newsText9285.txt
newsText9286.txt
newsText9289.txt
newsText9290.txt
newsText9292.txt
newsText9293.txt
newsText9294.txt
newsText9295.txt
newsText9296.txt
newsText9297.txt
newsText9298.txt
newsText9299.txt
newsText9301.txt
newsText9302.txt
newsText9304.txt
newsText9306.txt
newsText9307.txt
newsText9308.txt
newsText9309.txt
newsText9310.txt
newsText9312.txt
newsText9313.txt
newsText9314.txt
newsText9315.txt
newsText9316.txt
newsText9317.txt
newsText9318.txt
newsText9319.txt
newsText9320.txt
newsText9321.txt
newsText9322.txt
newsText9323.txt
newsText9324.txt
newsText9325.txt
newsText9326.txt
newsText9327.txt
newsText9328.txt
newsText9329.txt
newsText9330.txt
newsText9331.txt
newsText9332.txt
newsText9333.txt
newsText9334.txt
newsText9335.txt
newsText9337.txt
newsText9340.txt
newsText9341.txt
newsText9343.txt
newsText9344.txt
newsText9345.txt
newsText9346.txt
newsText9347.txt
newsText9348.txt
newsText9349.txt
newsText9350.txt
newsText9351.txt
newsText9352.txt
newsText9353.txt
newsText9354.txt
newsText9355.txt
newsText9357.txt
newsText9358.txt
newsText9359.txt
newsText9360.txt
newsText9362.txt
newsText9364.txt
newsText9365.txt
newsText9368.txt
newsText9369.txt
newsText9370.txt
newsText9371.txt
newsText9372.txt
newsText9373.txt
newsText9376.txt
newsText9377.txt
newsText9378.txt
newsText9379.txt
newsText9380.txt
newsText9381.txt
newsText9382.txt
newsText9383.txt
newsText9384.txt
newsText9385.txt
newsText9386.txt
newsText9387.txt
newsText9388.txt
newsText9392.txt
newsText9393.txt
newsText9395.txt
newsText9396.txt
newsText9397.txt
newsText9400.txt
newsText9401.txt
newsText9402.txt
newsText9403.txt
newsText9404.txt
newsText9406.txt
newsText9407.txt
newsText9408.txt
newsText9409.txt
newsText9411.txt
newsText9412.txt
newsText9413.txt
newsText9414.txt
newsText9415.txt
newsText9416.txt
newsText9417.txt
newsText9418.txt
newsText9419.txt
newsText9420.txt
newsText9421.txt
newsText9422.txt
newsText9423.txt
newsText9426.txt
newsText9427.txt
newsText9428.txt
newsText9429.txt
newsText9430.txt
newsText9431.txt
newsText9433.txt
newsText9435.txt
newsText9437.txt
newsText9438.txt
newsText9439.txt
newsText9440.txt
newsText9441.txt
newsText9442.txt
newsText9443.txt
newsText9445.txt
newsText9446.txt
newsText9447.txt
newsText9448.txt
newsText9449.txt
newsText9451.txt
newsText9452.txt
newsText9453.txt
newsText9454.txt
newsText9455.txt
newsText9456.txt
newsText9458.txt
newsText9459.txt
newsText9460.txt
newsText9462.txt
newsText9463.txt
newsText9464.txt
newsText9465.txt
newsText9466.txt
newsText9467.txt
newsText9468.txt
newsText9470.txt
newsText9471.txt
newsText9472.txt
newsText9473.txt
newsText9474.txt
newsText9475.txt
newsText9476.txt
newsText9477.txt
newsText9478.txt
newsText9479.txt
newsText9480.txt
newsText9481.txt
newsText9482.txt
newsText9483.txt
newsText9484.txt
newsText9485.txt
newsText9486.txt
newsText9487.txt
newsText9488.txt
newsText9489.txt
newsText9490.txt
newsText9491.txt
newsText9492.txt
newsText9493.txt
newsText9494.txt
newsText9495.txt
newsText9496.txt
newsText9497.txt
newsText9498.txt
newsText9500.txt
newsText9501.txt
newsText9503.txt
newsText9504.txt
newsText9505.txt
newsText9506.txt
newsText9507.txt
newsText9508.txt
newsText9509.txt
newsText9510.txt
newsText9513.txt
newsText9514.txt
newsText9515.txt
newsText9517.txt
newsText9518.txt
newsText9519.txt
newsText9520.txt
newsText9521.txt
newsText9522.txt
newsText9523.txt
newsText9524.txt
newsText9525.txt
newsText9527.txt
newsText9528.txt
newsText9529.txt
newsText9530.txt
newsText9531.txt
newsText9532.txt
newsText9533.txt
newsText9534.txt
newsText9535.txt
newsText9536.txt
newsText9537.txt
newsText9538.txt
newsText9539.txt
newsText9541.txt
newsText9542.txt
newsText9543.txt
newsText9544.txt
newsText9545.txt
newsText9547.txt
newsText9548.txt
newsText9549.txt
newsText9550.txt
newsText9552.txt
newsText9553.txt
newsText9556.txt
newsText9557.txt
newsText9558.txt
newsText9559.txt
newsText9561.txt
newsText9562.txt
newsText9563.txt
newsText9564.txt
newsText9566.txt
newsText9567.txt
newsText9568.txt
newsText9569.txt
newsText9570.txt
newsText9571.txt
newsText9572.txt
newsText9573.txt
newsText9574.txt
newsText9575.txt
newsText9576.txt
newsText9577.txt
newsText9578.txt
newsText9581.txt
newsText9582.txt
newsText9583.txt
newsText9584.txt
newsText9585.txt
newsText9586.txt
newsText9587.txt
newsText9589.txt
newsText9591.txt
newsText9592.txt
newsText9593.txt
newsText9594.txt
newsText9595.txt
newsText9596.txt
newsText9597.txt
newsText9598.txt
newsText9599.txt
newsText9600.txt
newsText9601.txt
newsText9602.txt
newsText9603.txt
newsText9604.txt
newsText9605.txt
newsText9607.txt
newsText9608.txt
newsText9609.txt
newsText9610.txt
newsText9611.txt
newsText9612.txt
newsText9613.txt
newsText9614.txt
newsText9616.txt
newsText9617.txt
newsText9618.txt
newsText9619.txt
newsText9620.txt
newsText9623.txt
newsText9624.txt
newsText9625.txt
newsText9626.txt
newsText9627.txt
newsText9628.txt
newsText9629.txt
newsText9630.txt
newsText9631.txt
newsText9632.txt
newsText9633.txt
newsText9634.txt
newsText9635.txt
newsText9636.txt
newsText9637.txt
newsText9638.txt
newsText9639.txt
newsText9640.txt
newsText9641.txt
newsText9642.txt
newsText9643.txt
newsText9644.txt
newsText9645.txt
newsText9647.txt
newsText9649.txt
newsText9650.txt
newsText9651.txt
newsText9652.txt
newsText9653.txt
newsText9656.txt
newsText9657.txt
newsText9660.txt
newsText9662.txt
newsText9664.txt
newsText9665.txt
newsText9666.txt
newsText9667.txt
newsText9668.txt
newsText9669.txt
newsText9671.txt
newsText9672.txt
newsText9674.txt
newsText9675.txt
newsText9676.txt
newsText9678.txt
newsText9679.txt
newsText9680.txt
newsText9681.txt
newsText9682.txt
newsText9683.txt
newsText9684.txt
newsText9685.txt
newsText9686.txt
newsText9687.txt
newsText9688.txt
newsText9689.txt
newsText9690.txt
newsText9691.txt
newsText9692.txt
newsText9693.txt
newsText9696.txt
newsText9697.txt
newsText9698.txt
newsText9699.txt
newsText9700.txt
newsText9701.txt
newsText9702.txt
newsText9703.txt
newsText9704.txt
newsText9707.txt
newsText9708.txt
newsText9709.txt
newsText9710.txt
newsText9711.txt
newsText9712.txt
newsText9713.txt
newsText9714.txt
newsText9716.txt
newsText9717.txt
newsText9718.txt
newsText9719.txt
newsText9720.txt
newsText9721.txt
newsText9722.txt
newsText9723.txt
newsText9724.txt
newsText9726.txt
newsText9727.txt
newsText9728.txt
newsText9729.txt
newsText9730.txt
newsText9731.txt
newsText9732.txt
newsText9733.txt
newsText9735.txt
newsText9736.txt
newsText9737.txt
newsText9738.txt
newsText9739.txt
newsText9740.txt
newsText9741.txt
newsText9744.txt
newsText9745.txt
newsText9746.txt
newsText9747.txt
newsText9748.txt
newsText9750.txt
newsText9751.txt
newsText9752.txt
newsText9753.txt
newsText9754.txt
newsText9755.txt
newsText9756.txt
newsText9758.txt
newsText9759.txt
newsText9760.txt
