newsText611.txt
newsText613.txt
newsText614.txt
newsText616.txt
newsText617.txt
newsText620.txt
newsText621.txt
newsText622.txt
newsText623.txt
newsText624.txt
newsText625.txt
newsText626.txt
newsText627.txt
newsText628.txt
newsText629.txt
newsText630.txt
newsText631.txt
newsText632.txt
newsText633.txt
newsText634.txt
newsText636.txt
newsText637.txt
newsText639.txt
newsText640.txt
newsText641.txt
newsText644.txt
newsText645.txt
newsText646.txt
newsText647.txt
newsText648.txt
newsText649.txt
newsText650.txt
newsText652.txt
newsText654.txt
newsText655.txt
newsText656.txt
newsText658.txt
newsText659.txt
newsText660.txt
newsText661.txt
newsText662.txt
newsText663.txt
newsText665.txt
newsText666.txt
newsText667.txt
newsText668.txt
newsText669.txt
newsText670.txt
newsText671.txt
newsText672.txt
newsText673.txt
newsText674.txt
newsText675.txt
newsText677.txt
newsText678.txt
newsText680.txt
newsText681.txt
newsText682.txt
newsText684.txt
newsText685.txt
newsText686.txt
newsText687.txt
newsText688.txt
newsText689.txt
newsText690.txt
newsText691.txt
newsText692.txt
newsText693.txt
newsText696.txt
newsText697.txt
newsText698.txt
newsText699.txt
newsText700.txt
newsText701.txt
newsText702.txt
newsText703.txt
newsText704.txt
newsText706.txt
newsText707.txt
newsText708.txt
newsText709.txt
newsText713.txt
newsText714.txt
newsText715.txt
newsText716.txt
newsText719.txt
newsText720.txt
newsText721.txt
newsText722.txt
newsText724.txt
newsText726.txt
newsText727.txt
newsText728.txt
newsText729.txt
newsText730.txt
newsText731.txt
newsText732.txt
newsText733.txt
newsText735.txt
newsText736.txt
newsText737.txt
newsText738.txt
newsText739.txt
newsText740.txt
newsText741.txt
newsText742.txt
newsText743.txt
newsText744.txt
newsText745.txt
newsText747.txt
newsText748.txt
newsText749.txt
newsText750.txt
newsText752.txt
newsText753.txt
newsText754.txt
newsText755.txt
newsText756.txt
newsText757.txt
newsText758.txt
newsText759.txt
newsText760.txt
newsText761.txt
newsText762.txt
newsText763.txt
newsText764.txt
newsText765.txt
newsText766.txt
newsText767.txt
newsText768.txt
newsText769.txt
newsText770.txt
newsText771.txt
newsText772.txt
newsText773.txt
newsText774.txt
newsText776.txt
newsText777.txt
newsText778.txt
newsText779.txt
newsText780.txt
newsText781.txt
newsText782.txt
newsText783.txt
newsText784.txt
newsText785.txt
newsText786.txt
newsText787.txt
newsText790.txt
newsText791.txt
newsText792.txt
newsText793.txt
newsText794.txt
newsText795.txt
newsText796.txt
newsText797.txt
newsText798.txt
newsText799.txt
newsText800.txt
newsText801.txt
newsText802.txt
newsText803.txt
newsText805.txt
newsText806.txt
newsText807.txt
newsText808.txt
newsText809.txt
newsText810.txt
newsText813.txt
newsText815.txt
newsText816.txt
newsText817.txt
newsText819.txt
newsText820.txt
newsText821.txt
newsText823.txt
newsText824.txt
newsText825.txt
newsText826.txt
newsText827.txt
newsText828.txt
newsText829.txt
newsText830.txt
newsText831.txt
newsText832.txt
newsText833.txt
newsText834.txt
newsText835.txt
newsText837.txt
newsText838.txt
newsText839.txt
newsText840.txt
newsText842.txt
newsText843.txt
newsText844.txt
newsText845.txt
newsText846.txt
newsText847.txt
newsText848.txt
newsText849.txt
newsText850.txt
newsText851.txt
newsText852.txt
newsText853.txt
newsText854.txt
newsText855.txt
newsText856.txt
newsText857.txt
newsText858.txt
newsText859.txt
newsText860.txt
newsText861.txt
newsText862.txt
newsText863.txt
newsText864.txt
newsText865.txt
newsText866.txt
newsText867.txt
newsText870.txt
newsText871.txt
newsText873.txt
newsText874.txt
newsText876.txt
newsText877.txt
newsText879.txt
newsText881.txt
newsText885.txt
newsText886.txt
newsText887.txt
newsText889.txt
newsText890.txt
newsText891.txt
newsText892.txt
newsText893.txt
newsText894.txt
newsText898.txt
newsText899.txt
newsText903.txt
newsText904.txt
newsText905.txt
newsText906.txt
newsText907.txt
newsText908.txt
newsText909.txt
newsText911.txt
newsText913.txt
newsText914.txt
newsText915.txt
newsText917.txt
newsText918.txt
newsText919.txt
newsText920.txt
newsText921.txt
newsText922.txt
newsText923.txt
newsText924.txt
newsText925.txt
newsText926.txt
newsText927.txt
newsText928.txt
newsText929.txt
newsText930.txt
newsText931.txt
newsText932.txt
newsText933.txt
newsText934.txt
newsText935.txt
newsText936.txt
newsText940.txt
newsText941.txt
newsText942.txt
newsText943.txt
newsText945.txt
newsText946.txt
newsText947.txt
newsText948.txt
newsText949.txt
newsText950.txt
newsText951.txt
newsText952.txt
newsText953.txt
newsText954.txt
newsText955.txt
newsText956.txt
newsText958.txt
newsText959.txt
newsText960.txt
newsText961.txt
newsText962.txt
newsText964.txt
newsText966.txt
newsText967.txt
newsText968.txt
newsText969.txt
newsText970.txt
newsText971.txt
newsText972.txt
newsText973.txt
newsText975.txt
newsText977.txt
newsText979.txt
newsText980.txt
newsText981.txt
newsText982.txt
newsText983.txt
newsText985.txt
newsText986.txt
newsText987.txt
newsText988.txt
newsText989.txt
newsText990.txt
newsText992.txt
newsText993.txt
newsText994.txt
newsText995.txt
newsText996.txt
newsText997.txt
newsText998.txt
newsText999.txt
newsText1000.txt
newsText1001.txt
newsText1002.txt
newsText1003.txt
newsText1005.txt
newsText1006.txt
newsText1008.txt
newsText1009.txt
newsText1010.txt
newsText1011.txt
newsText1012.txt
newsText1013.txt
newsText1015.txt
newsText1016.txt
newsText1017.txt
newsText1018.txt
newsText1019.txt
newsText1023.txt
newsText1024.txt
newsText1026.txt
newsText1032.txt
newsText1036.txt
newsText1037.txt
newsText1039.txt
newsText1044.txt
newsText1045.txt
newsText1046.txt
newsText1047.txt
newsText1049.txt
newsText1050.txt
newsText1053.txt
newsText1054.txt
newsText1057.txt
newsText1058.txt
newsText1059.txt
newsText1060.txt
newsText1061.txt
newsText1062.txt
newsText1063.txt
newsText1064.txt
newsText1065.txt
newsText1066.txt
newsText1070.txt
newsText1072.txt
newsText1073.txt
newsText1074.txt
newsText1075.txt
newsText1076.txt
newsText1077.txt
newsText1079.txt
newsText1080.txt
newsText1081.txt
newsText1082.txt
newsText1083.txt
newsText1084.txt
newsText1085.txt
newsText1087.txt
newsText1088.txt
newsText1089.txt
newsText1090.txt
newsText1091.txt
newsText1092.txt
newsText1093.txt
newsText1094.txt
newsText1097.txt
newsText1098.txt
newsText1099.txt
newsText1100.txt
newsText1102.txt
newsText1103.txt
newsText1104.txt
newsText1108.txt
newsText1109.txt
newsText1110.txt
newsText1111.txt
newsText1113.txt
newsText1114.txt
newsText1115.txt
newsText1116.txt
newsText1117.txt
newsText1118.txt
newsText1119.txt
newsText1120.txt
newsText1121.txt
newsText1123.txt
newsText1125.txt
newsText1126.txt
newsText1127.txt
newsText1128.txt
newsText1129.txt
newsText1130.txt
newsText1131.txt
newsText1132.txt
newsText1133.txt
newsText1134.txt
newsText1135.txt
newsText1136.txt
newsText1137.txt
newsText1138.txt
newsText1139.txt
newsText1141.txt
newsText1142.txt
newsText1143.txt
newsText1145.txt
newsText1146.txt
newsText1147.txt
newsText1148.txt
newsText1149.txt
newsText1150.txt
newsText1151.txt
newsText1152.txt
newsText1153.txt
newsText1154.txt
newsText1155.txt
newsText1156.txt
newsText1157.txt
newsText1158.txt
newsText1159.txt
newsText1160.txt
newsText1161.txt
newsText1162.txt
newsText1163.txt
newsText1164.txt
newsText1166.txt
newsText1167.txt
newsText1168.txt
newsText1170.txt
newsText1172.txt
newsText1173.txt
newsText1174.txt
newsText1175.txt
newsText1176.txt
newsText1177.txt
newsText1178.txt
newsText1179.txt
newsText1180.txt
newsText1182.txt
newsText1183.txt
newsText1184.txt
newsText1185.txt
newsText1186.txt
newsText1187.txt
newsText1188.txt
newsText1190.txt
newsText1191.txt
newsText1192.txt
newsText1193.txt
newsText1194.txt
newsText1195.txt
newsText1196.txt
newsText1198.txt
newsText1199.txt
newsText1200.txt
newsText1203.txt
newsText1204.txt
newsText1205.txt
newsText1206.txt
newsText1207.txt
newsText1208.txt
newsText1209.txt
newsText1210.txt
newsText1211.txt
newsText1212.txt
newsText1213.txt
newsText1214.txt
newsText1215.txt
newsText1216.txt
newsText1217.txt
newsText1218.txt
newsText1219.txt
newsText1220.txt
