newsText1222.txt
newsText1223.txt
newsText1224.txt
newsText1225.txt
newsText1226.txt
newsText1227.txt
newsText1228.txt
newsText1231.txt
newsText1232.txt
newsText1233.txt
newsText1234.txt
newsText1235.txt
newsText1237.txt
newsText1238.txt
newsText1240.txt
newsText1241.txt
newsText1242.txt
newsText1244.txt
newsText1245.txt
newsText1246.txt
newsText1247.txt
newsText1248.txt
newsText1250.txt
newsText1252.txt
newsText1253.txt
newsText1254.txt
newsText1255.txt
newsText1257.txt
newsText1258.txt
newsText1259.txt
newsText1260.txt
newsText1262.txt
newsText1263.txt
newsText1264.txt
newsText1265.txt
newsText1266.txt
newsText1268.txt
newsText1269.txt
newsText1271.txt
newsText1273.txt
newsText1274.txt
newsText1275.txt
newsText1276.txt
newsText1277.txt
newsText1278.txt
newsText1279.txt
newsText1280.txt
newsText1281.txt
newsText1282.txt
newsText1283.txt
newsText1285.txt
newsText1286.txt
newsText1288.txt
newsText1289.txt
newsText1290.txt
newsText1291.txt
newsText1292.txt
newsText1293.txt
newsText1294.txt
newsText1295.txt
newsText1296.txt
newsText1297.txt
newsText1298.txt
newsText1299.txt
newsText1300.txt
newsText1301.txt
newsText1302.txt
newsText1303.txt
newsText1304.txt
newsText1305.txt
newsText1306.txt
newsText1307.txt
newsText1308.txt
newsText1309.txt
newsText1310.txt
newsText1311.txt
newsText1312.txt
newsText1313.txt
newsText1314.txt
newsText1315.txt
newsText1316.txt
newsText1318.txt
newsText1319.txt
newsText1320.txt
newsText1321.txt
newsText1322.txt
newsText1323.txt
newsText1329.txt
newsText1330.txt
newsText1331.txt
newsText1333.txt
newsText1335.txt
newsText1336.txt
newsText1337.txt
newsText1338.txt
newsText1339.txt
newsText1340.txt
newsText1341.txt
newsText1342.txt
newsText1343.txt
newsText1344.txt
newsText1345.txt
newsText1346.txt
newsText1347.txt
newsText1348.txt
newsText1349.txt
newsText1350.txt
newsText1351.txt
newsText1352.txt
newsText1353.txt
newsText1354.txt
newsText1355.txt
newsText1356.txt
newsText1357.txt
newsText1358.txt
newsText1359.txt
newsText1360.txt
newsText1361.txt
newsText1362.txt
newsText1364.txt
newsText1365.txt
newsText1366.txt
newsText1367.txt
newsText1369.txt
newsText1371.txt
newsText1372.txt
newsText1373.txt
newsText1374.txt
newsText1375.txt
newsText1376.txt
newsText1377.txt
newsText1378.txt
newsText1379.txt
newsText1380.txt
newsText1381.txt
newsText1382.txt
newsText1384.txt
newsText1385.txt
newsText1386.txt
newsText1387.txt
newsText1389.txt
newsText1390.txt
newsText1392.txt
newsText1393.txt
newsText1394.txt
newsText1395.txt
newsText1396.txt
newsText1397.txt
newsText1398.txt
newsText1399.txt
newsText1400.txt
newsText1401.txt
newsText1402.txt
newsText1403.txt
newsText1404.txt
newsText1405.txt
newsText1407.txt
newsText1408.txt
newsText1409.txt
newsText1410.txt
newsText1412.txt
newsText1413.txt
newsText1414.txt
newsText1415.txt
newsText1416.txt
newsText1417.txt
newsText1418.txt
newsText1419.txt
newsText1421.txt
newsText1422.txt
newsText1423.txt
newsText1424.txt
newsText1425.txt
newsText1426.txt
newsText1427.txt
newsText1428.txt
newsText1429.txt
newsText1430.txt
newsText1431.txt
newsText1432.txt
newsText1433.txt
newsText1434.txt
newsText1435.txt
newsText1437.txt
newsText1438.txt
newsText1439.txt
newsText1441.txt
newsText1442.txt
newsText1443.txt
newsText1444.txt
newsText1445.txt
newsText1446.txt
newsText1447.txt
newsText1448.txt
newsText1449.txt
newsText1450.txt
newsText1451.txt
newsText1454.txt
newsText1456.txt
newsText1457.txt
newsText1458.txt
newsText1459.txt
newsText1460.txt
newsText1461.txt
newsText1462.txt
newsText1463.txt
newsText1464.txt
newsText1465.txt
newsText1466.txt
newsText1467.txt
newsText1468.txt
newsText1469.txt
newsText1470.txt
newsText1471.txt
newsText1473.txt
newsText1474.txt
newsText1476.txt
newsText1478.txt
newsText1479.txt
newsText1480.txt
newsText1481.txt
newsText1482.txt
newsText1483.txt
newsText1484.txt
newsText1485.txt
newsText1486.txt
newsText1487.txt
newsText1488.txt
newsText1489.txt
newsText1490.txt
newsText1491.txt
newsText1492.txt
newsText1494.txt
newsText1496.txt
newsText1498.txt
newsText1500.txt
newsText1502.txt
newsText1503.txt
newsText1504.txt
newsText1505.txt
newsText1506.txt
newsText1507.txt
newsText1508.txt
newsText1509.txt
newsText1510.txt
newsText1512.txt
newsText1514.txt
newsText1515.txt
newsText1516.txt
newsText1517.txt
newsText1518.txt
newsText1520.txt
newsText1522.txt
newsText1523.txt
newsText1524.txt
newsText1526.txt
newsText1528.txt
newsText1529.txt
newsText1530.txt
newsText1531.txt
newsText1534.txt
newsText1535.txt
newsText1536.txt
newsText1537.txt
newsText1538.txt
newsText1539.txt
newsText1540.txt
newsText1541.txt
newsText1542.txt
newsText1543.txt
newsText1544.txt
newsText1545.txt
newsText1546.txt
newsText1547.txt
newsText1548.txt
newsText1549.txt
newsText1550.txt
newsText1551.txt
newsText1552.txt
newsText1553.txt
newsText1554.txt
newsText1555.txt
newsText1557.txt
newsText1558.txt
newsText1559.txt
newsText1560.txt
newsText1561.txt
newsText1562.txt
newsText1563.txt
newsText1565.txt
newsText1566.txt
newsText1568.txt
newsText1569.txt
newsText1570.txt
newsText1572.txt
newsText1573.txt
newsText1574.txt
newsText1575.txt
newsText1576.txt
newsText1577.txt
newsText1579.txt
newsText1580.txt
newsText1581.txt
newsText1582.txt
newsText1584.txt
newsText1585.txt
newsText1586.txt
newsText1588.txt
newsText1590.txt
newsText1591.txt
newsText1592.txt
newsText1593.txt
newsText1594.txt
newsText1595.txt
newsText1596.txt
newsText1597.txt
newsText1598.txt
newsText1599.txt
newsText1600.txt
newsText1601.txt
newsText1602.txt
newsText1604.txt
newsText1605.txt
newsText1606.txt
newsText1607.txt
newsText1608.txt
newsText1609.txt
newsText1612.txt
newsText1613.txt
newsText1614.txt
newsText1615.txt
newsText1617.txt
newsText1618.txt
newsText1619.txt
newsText1620.txt
newsText1623.txt
newsText1624.txt
newsText1625.txt
newsText1626.txt
newsText1627.txt
newsText1628.txt
newsText1629.txt
newsText1630.txt
newsText1631.txt
newsText1632.txt
newsText1633.txt
newsText1634.txt
newsText1635.txt
newsText1636.txt
newsText1637.txt
newsText1638.txt
newsText1639.txt
newsText1640.txt
newsText1641.txt
newsText1642.txt
newsText1643.txt
newsText1644.txt
newsText1646.txt
newsText1647.txt
newsText1648.txt
newsText1649.txt
newsText1650.txt
newsText1651.txt
newsText1652.txt
newsText1655.txt
newsText1656.txt
newsText1658.txt
newsText1659.txt
newsText1660.txt
newsText1661.txt
newsText1662.txt
newsText1663.txt
newsText1664.txt
newsText1665.txt
newsText1666.txt
newsText1667.txt
newsText1668.txt
newsText1669.txt
newsText1670.txt
newsText1671.txt
newsText1672.txt
newsText1673.txt
newsText1674.txt
newsText1675.txt
newsText1676.txt
newsText1677.txt
newsText1678.txt
newsText1679.txt
newsText1680.txt
newsText1681.txt
newsText1682.txt
newsText1683.txt
newsText1684.txt
newsText1685.txt
newsText1686.txt
newsText1687.txt
newsText1688.txt
newsText1691.txt
newsText1692.txt
newsText1693.txt
newsText1694.txt
newsText1695.txt
newsText1696.txt
newsText1697.txt
newsText1698.txt
newsText1700.txt
newsText1701.txt
newsText1702.txt
newsText1703.txt
newsText1704.txt
newsText1705.txt
newsText1706.txt
newsText1707.txt
newsText1708.txt
newsText1709.txt
newsText1710.txt
newsText1711.txt
newsText1712.txt
newsText1713.txt
newsText1714.txt
newsText1715.txt
newsText1716.txt
newsText1718.txt
newsText1719.txt
newsText1720.txt
newsText1721.txt
newsText1722.txt
newsText1723.txt
newsText1725.txt
newsText1726.txt
newsText1727.txt
newsText1728.txt
newsText1729.txt
newsText1730.txt
newsText1732.txt
newsText1733.txt
newsText1734.txt
newsText1735.txt
newsText1736.txt
newsText1737.txt
newsText1738.txt
newsText1739.txt
newsText1740.txt
newsText1741.txt
newsText1742.txt
newsText1743.txt
newsText1744.txt
newsText1745.txt
newsText1746.txt
newsText1747.txt
newsText1748.txt
newsText1749.txt
newsText1750.txt
newsText1751.txt
newsText1752.txt
newsText1753.txt
newsText1754.txt
newsText1755.txt
newsText1757.txt
newsText1758.txt
newsText1759.txt
newsText1760.txt
newsText1761.txt
newsText1764.txt
newsText1765.txt
newsText1766.txt
newsText1767.txt
newsText1769.txt
newsText1770.txt
newsText1771.txt
newsText1772.txt
newsText1773.txt
newsText1774.txt
newsText1775.txt
newsText1776.txt
newsText1777.txt
newsText1778.txt
newsText1779.txt
newsText1780.txt
newsText1781.txt
newsText1782.txt
newsText1783.txt
newsText1784.txt
newsText1785.txt
newsText1786.txt
newsText1787.txt
newsText1788.txt
newsText1789.txt
newsText1790.txt
newsText1791.txt
newsText1792.txt
newsText1793.txt
newsText1794.txt
newsText1796.txt
newsText1797.txt
newsText1798.txt
newsText1799.txt
newsText1800.txt
newsText1801.txt
newsText1802.txt
newsText1803.txt
newsText1806.txt
newsText1807.txt
newsText1808.txt
newsText1809.txt
newsText1810.txt
newsText1811.txt
newsText1812.txt
newsText1813.txt
newsText1815.txt
newsText1817.txt
newsText1818.txt
newsText1819.txt
newsText1820.txt
newsText1821.txt
newsText1822.txt
newsText1823.txt
newsText1824.txt
newsText1825.txt
newsText1826.txt
newsText1827.txt
newsText1828.txt
newsText1829.txt
newsText1830.txt
