newsText6711.txt
newsText6712.txt
newsText6713.txt
newsText6714.txt
newsText6715.txt
newsText6716.txt
newsText6717.txt
newsText6718.txt
newsText6719.txt
newsText6721.txt
newsText6722.txt
newsText6723.txt
newsText6724.txt
newsText6725.txt
newsText6726.txt
newsText6727.txt
newsText6728.txt
newsText6729.txt
newsText6730.txt
newsText6731.txt
newsText6732.txt
newsText6733.txt
newsText6734.txt
newsText6735.txt
newsText6737.txt
newsText6738.txt
newsText6739.txt
newsText6740.txt
newsText6741.txt
newsText6742.txt
newsText6743.txt
newsText6744.txt
newsText6745.txt
newsText6746.txt
newsText6747.txt
newsText6748.txt
newsText6749.txt
newsText6750.txt
newsText6751.txt
newsText6752.txt
newsText6753.txt
newsText6754.txt
newsText6755.txt
newsText6756.txt
newsText6757.txt
newsText6759.txt
newsText6760.txt
newsText6761.txt
newsText6762.txt
newsText6763.txt
newsText6764.txt
newsText6765.txt
newsText6766.txt
newsText6767.txt
newsText6768.txt
newsText6769.txt
newsText6770.txt
newsText6771.txt
newsText6772.txt
newsText6773.txt
newsText6774.txt
newsText6775.txt
newsText6776.txt
newsText6777.txt
newsText6778.txt
newsText6779.txt
newsText6781.txt
newsText6782.txt
newsText6783.txt
newsText6784.txt
newsText6785.txt
newsText6786.txt
newsText6787.txt
newsText6788.txt
newsText6789.txt
newsText6790.txt
newsText6791.txt
newsText6792.txt
newsText6794.txt
newsText6795.txt
newsText6796.txt
newsText6797.txt
newsText6798.txt
newsText6799.txt
newsText6800.txt
newsText6801.txt
newsText6802.txt
newsText6803.txt
newsText6804.txt
newsText6806.txt
newsText6807.txt
newsText6808.txt
newsText6810.txt
newsText6811.txt
newsText6812.txt
newsText6813.txt
newsText6814.txt
newsText6815.txt
newsText6817.txt
newsText6818.txt
newsText6820.txt
newsText6821.txt
newsText6826.txt
newsText6827.txt
newsText6828.txt
newsText6829.txt
newsText6830.txt
newsText6831.txt
newsText6832.txt
newsText6833.txt
newsText6834.txt
newsText6835.txt
newsText6836.txt
newsText6837.txt
newsText6838.txt
newsText6839.txt
newsText6841.txt
newsText6843.txt
newsText6845.txt
newsText6846.txt
newsText6847.txt
newsText6848.txt
newsText6849.txt
newsText6850.txt
newsText6851.txt
newsText6854.txt
newsText6855.txt
newsText6856.txt
newsText6857.txt
newsText6858.txt
newsText6859.txt
newsText6860.txt
newsText6862.txt
newsText6863.txt
newsText6864.txt
newsText6865.txt
newsText6869.txt
newsText6870.txt
newsText6873.txt
newsText6875.txt
newsText6876.txt
newsText6877.txt
newsText6879.txt
newsText6880.txt
newsText6881.txt
newsText6882.txt
newsText6883.txt
newsText6884.txt
newsText6885.txt
newsText6888.txt
newsText6891.txt
newsText6892.txt
newsText6893.txt
newsText6894.txt
newsText6895.txt
newsText6896.txt
newsText6897.txt
newsText6898.txt
newsText6899.txt
newsText6900.txt
newsText6901.txt
newsText6902.txt
newsText6903.txt
newsText6906.txt
newsText6907.txt
newsText6908.txt
newsText6909.txt
newsText6910.txt
newsText6911.txt
newsText6915.txt
newsText6916.txt
newsText6917.txt
newsText6920.txt
newsText6921.txt
newsText6922.txt
newsText6923.txt
newsText6924.txt
newsText6925.txt
newsText6926.txt
newsText6927.txt
newsText6928.txt
newsText6929.txt
newsText6930.txt
newsText6932.txt
newsText6934.txt
newsText6935.txt
newsText6939.txt
newsText6940.txt
newsText6942.txt
newsText6943.txt
newsText6944.txt
newsText6945.txt
newsText6946.txt
newsText6947.txt
newsText6948.txt
newsText6949.txt
newsText6951.txt
newsText6952.txt
newsText6953.txt
newsText6954.txt
newsText6955.txt
newsText6956.txt
newsText6957.txt
newsText6958.txt
newsText6959.txt
newsText6960.txt
newsText6961.txt
newsText6962.txt
newsText6964.txt
newsText6965.txt
newsText6966.txt
newsText6967.txt
newsText6968.txt
newsText6969.txt
newsText6970.txt
newsText6971.txt
newsText6972.txt
newsText6973.txt
newsText6974.txt
newsText6975.txt
newsText6976.txt
newsText6977.txt
newsText6978.txt
newsText6980.txt
newsText6982.txt
newsText6983.txt
newsText6984.txt
newsText6985.txt
newsText6987.txt
newsText6988.txt
newsText6989.txt
newsText6990.txt
newsText6991.txt
newsText6992.txt
newsText6993.txt
newsText6994.txt
newsText6995.txt
newsText6997.txt
newsText6998.txt
newsText6999.txt
newsText7000.txt
newsText7001.txt
newsText7002.txt
newsText7003.txt
newsText7004.txt
newsText7005.txt
newsText7006.txt
newsText7007.txt
newsText7008.txt
newsText7009.txt
newsText7011.txt
newsText7013.txt
newsText7014.txt
newsText7015.txt
newsText7016.txt
newsText7017.txt
newsText7019.txt
newsText7020.txt
newsText7021.txt
newsText7023.txt
newsText7024.txt
newsText7025.txt
newsText7026.txt
newsText7027.txt
newsText7028.txt
newsText7029.txt
newsText7030.txt
newsText7031.txt
newsText7032.txt
newsText7033.txt
newsText7034.txt
newsText7035.txt
newsText7036.txt
newsText7037.txt
newsText7038.txt
newsText7039.txt
newsText7040.txt
newsText7041.txt
newsText7042.txt
newsText7043.txt
newsText7044.txt
newsText7045.txt
newsText7046.txt
newsText7047.txt
newsText7048.txt
newsText7049.txt
newsText7050.txt
newsText7051.txt
newsText7052.txt
newsText7053.txt
newsText7054.txt
newsText7055.txt
newsText7056.txt
newsText7057.txt
newsText7058.txt
newsText7059.txt
newsText7061.txt
newsText7062.txt
newsText7063.txt
newsText7064.txt
newsText7066.txt
newsText7067.txt
newsText7068.txt
newsText7069.txt
newsText7070.txt
newsText7071.txt
newsText7072.txt
newsText7073.txt
newsText7074.txt
newsText7075.txt
newsText7076.txt
newsText7077.txt
newsText7078.txt
newsText7079.txt
newsText7080.txt
newsText7081.txt
newsText7082.txt
newsText7083.txt
newsText7084.txt
newsText7085.txt
newsText7086.txt
newsText7087.txt
newsText7088.txt
newsText7089.txt
newsText7091.txt
newsText7092.txt
newsText7096.txt
newsText7097.txt
newsText7099.txt
newsText7100.txt
newsText7101.txt
newsText7102.txt
newsText7103.txt
newsText7108.txt
newsText7109.txt
newsText7112.txt
newsText7113.txt
newsText7114.txt
newsText7115.txt
newsText7116.txt
newsText7117.txt
newsText7118.txt
newsText7120.txt
newsText7121.txt
newsText7123.txt
newsText7124.txt
newsText7125.txt
newsText7126.txt
newsText7128.txt
newsText7129.txt
newsText7130.txt
newsText7133.txt
newsText7139.txt
newsText7140.txt
newsText7146.txt
newsText7147.txt
newsText7148.txt
newsText7149.txt
newsText7151.txt
newsText7152.txt
newsText7154.txt
newsText7155.txt
newsText7159.txt
newsText7163.txt
newsText7164.txt
newsText7165.txt
newsText7167.txt
newsText7168.txt
newsText7169.txt
newsText7170.txt
newsText7171.txt
newsText7172.txt
newsText7177.txt
newsText7184.txt
newsText7187.txt
newsText7189.txt
newsText7190.txt
newsText7191.txt
newsText7192.txt
newsText7194.txt
newsText7198.txt
newsText7199.txt
newsText7200.txt
newsText7201.txt
newsText7202.txt
newsText7203.txt
newsText7204.txt
newsText7205.txt
newsText7206.txt
newsText7207.txt
newsText7208.txt
newsText7209.txt
newsText7210.txt
newsText7211.txt
newsText7212.txt
newsText7214.txt
newsText7215.txt
newsText7216.txt
newsText7217.txt
newsText7218.txt
newsText7219.txt
newsText7221.txt
newsText7222.txt
newsText7223.txt
newsText7224.txt
newsText7225.txt
newsText7226.txt
newsText7227.txt
newsText7228.txt
newsText7229.txt
newsText7230.txt
newsText7231.txt
newsText7232.txt
newsText7233.txt
newsText7235.txt
newsText7236.txt
newsText7237.txt
newsText7238.txt
newsText7239.txt
newsText7240.txt
newsText7241.txt
newsText7243.txt
newsText7244.txt
newsText7245.txt
newsText7247.txt
newsText7248.txt
newsText7249.txt
newsText7250.txt
newsText7252.txt
newsText7253.txt
newsText7254.txt
newsText7255.txt
newsText7256.txt
newsText7257.txt
newsText7258.txt
newsText7261.txt
newsText7264.txt
newsText7265.txt
newsText7266.txt
newsText7267.txt
newsText7269.txt
newsText7270.txt
newsText7271.txt
newsText7272.txt
newsText7273.txt
newsText7274.txt
newsText7275.txt
newsText7276.txt
newsText7277.txt
newsText7278.txt
newsText7279.txt
newsText7280.txt
newsText7281.txt
newsText7282.txt
newsText7283.txt
newsText7284.txt
newsText7285.txt
newsText7286.txt
newsText7287.txt
newsText7288.txt
newsText7289.txt
newsText7290.txt
newsText7291.txt
newsText7292.txt
newsText7293.txt
newsText7294.txt
newsText7295.txt
newsText7296.txt
newsText7297.txt
newsText7298.txt
newsText7299.txt
newsText7300.txt
newsText7301.txt
newsText7302.txt
newsText7303.txt
newsText7304.txt
newsText7305.txt
newsText7307.txt
newsText7308.txt
newsText7309.txt
newsText7310.txt
newsText7311.txt
newsText7312.txt
newsText7313.txt
newsText7314.txt
newsText7315.txt
newsText7316.txt
newsText7317.txt
newsText7318.txt
newsText7319.txt
newsText7320.txt
